Microchip MPLAB XC8 Compiler V2.31

Linker command line:

-W-3 --edf=C:\Program Files\Microchip\xc8\v2.31\pic\dat\en_msgs.txt -cn \
  -h+dist/default/production\MG812MON.X.production.sym \
  --cmf=dist/default/production\MG812MON.X.production.cmf -z -Q16F18326 \
  -oC:\Users\ysuga\AppData\Local\Temp\s4eg.2 --defsym=__MPLAB_BUILD=1 \
  -Mdist/default/production/MG812MON.X.production.map -E1 -ver=XC8 Compiler \
  --acfsm=1493 -ASTACK=02190h-027EFh -pstack=STACK -ACODE=00h-07FFhx8 \
  -ASTRCODE=00h-03FFFh -ASTRING=00h-0FFhx64 -ACONST=00h-0FFhx64 \
  -AENTRY=00h-0FFhx64 -ACOMMON=070h-07Fh -ABANK0=020h-06Fh \
  -ABANK1=0A0h-0EFh -ABANK2=0120h-016Fh -ABANK3=01A0h-01EFh \
  -ABANK4=0220h-026Fh -ABANK5=02A0h-02EFh -ABANK6=0320h-036Fh \
  -ABANK7=03A0h-03EFh -ABANK8=0420h-046Fh -ABANK9=04A0h-04EFh \
  -ABANK10=0520h-056Fh -ABANK11=05A0h-05EFh -ABANK12=0620h-066Fh \
  -ABANK13=06A0h-06EFh -ABANK14=0720h-076Fh -ABANK15=07A0h-07EFh \
  -ABANK16=0820h-086Fh -ABANK17=08A0h-08EFh -ABANK18=0920h-096Fh \
  -ABANK19=09A0h-09EFh -ABANK20=0A20h-0A6Fh -ABANK21=0AA0h-0AEFh \
  -ABANK22=0B20h-0B6Fh -ABANK23=0BA0h-0BEFh -ABANK24=0C20h-0C6Fh \
  -ABANK25=0CA0h-0CBFh -ABIGRAM=02000h-027EFh \
  -ARAM=020h-06Fh,0A0h-0EFh,0120h-016Fh,01A0h-01EFh,0220h-026Fh,02A0h-02EFh,0320h-036Fh,03A0h-03EFh,0420h-046Fh,04A0h-04EFh,0520h-056Fh,05A0h-05EFh,0620h-066Fh,06A0h-06EFh,0720h-076Fh,07A0h-07EFh,0820h-086Fh,08A0h-08EFh,0920h-096Fh,09A0h-09EFh,0A20h-0A6Fh,0AA0h-0AEFh,0B20h-0B6Fh,0BA0h-0BEFh,0C20h-0C6Fh,0CA0h-0CBFh \
  -AABS1=020h-07Fh,0A0h-0EFh,0120h-016Fh,01A0h-01EFh,0220h-026Fh,02A0h-02EFh,0320h-036Fh,03A0h-03EFh,0420h-046Fh,04A0h-04EFh,0520h-056Fh,05A0h-05EFh,0620h-066Fh,06A0h-06EFh,0720h-076Fh,07A0h-07EFh,0820h-086Fh,08A0h-08EFh,0920h-096Fh,09A0h-09EFh,0A20h-0A6Fh,0AA0h-0AEFh,0B20h-0B6Fh,0BA0h-0BEFh,0C20h-0C6Fh,0CA0h-0CBFh \
  -ASFR0=00h-01Fh -ASFR1=080h-09Fh -ASFR2=0100h-011Fh -ASFR3=0180h-019Fh \
  -ASFR4=0200h-021Fh -ASFR5=0280h-029Fh -ASFR6=0300h-031Fh \
  -ASFR7=0380h-039Fh -ASFR8=0400h-041Fh -ASFR9=0480h-049Fh \
  -ASFR10=0500h-051Fh -ASFR11=0580h-059Fh -ASFR12=0600h-061Fh \
  -ASFR13=0680h-069Fh -ASFR14=0700h-071Fh -ASFR15=0780h-079Fh \
  -ASFR16=0800h-081Fh -ASFR17=0880h-089Fh -ASFR18=0900h-091Fh \
  -ASFR19=0980h-099Fh -ASFR20=0A00h-0A1Fh -ASFR21=0A80h-0A9Fh \
  -ASFR22=0B00h-0B1Fh -ASFR23=0B80h-0B9Fh -ASFR24=0C00h-0C1Fh \
  -ASFR25=0C80h-0C9Fh -ASFR26=0D00h-0D6Fh -ASFR27=0D80h-0DEFh \
  -ASFR28=0E00h-0E6Fh -ASFR29=0E80h-0EEFh -ASFR30=0F00h-0F6Fh \
  -ASFR31=0F80h-0FEFh -ACONFIG=08007h-0800Ah -DCONFIG=2 \
  -AIDLOC=08000h-08003h -DIDLOC=2 -AEEDATA=00h-0FFh/0F000h \
  -peeprom_data=EEDATA -DEEDATA=2 -DCODE=2 -DSTRCODE=2 -DSTRING=2 -DCONST=2 \
  -DENTRY=2 -preset_vec=00h,intentry,init,end_init -ppowerup=CODE \
  -pcinit=CODE -pfunctab=ENTRY -k C:\Users\ysuga\AppData\Local\Temp\s4eg.o \
  dist/default/production\MG812MON.X.production.o 

Object code version is 3.11

Machine type is 16F18326



                Name                               Link     Load   Length Selector   Space Scale
C:\Users\ysuga\AppData\Local\Temp\s4eg.o
                end_init                              2        2        2        0       0
                reset_vec                             0        0        2        0       0
                config                             8007     8007        4        0       4
dist/default/production\MG812MON.X.production.o
                cinit                               7ED      7ED       13      FDA       0
                config                             8007     8007        4        0       4
                text48                             2724     2724       18     4E48       0
                text47                             26DE     26DE        9     4DBC       0
                text46                             26BE     26BE        6     4D7C       0
                text45                             26C4     26C4        6     4D88       0
                text44                             26CA     26CA        6     4D94       0
                text43                             1821     1821       22     3042       0
                text42                             26E7     26E7        9     4DCE       0
                text41                             188B     188B       26     3116       0
                text40                             26D6     26D6        8     4DAC       0
                text39                              800      800        4      FDA       0
                text38                             26FA     26FA       13     4DF4       0
                text37                             1BCF     1BCF       AC     379E       0
                text36                             26F0     26F0        A     4DE0       0
                text35                             270D     270D       17     4E1A       0
                text34                             27A0     27A0       1F     4F40       0
                text33                             273C     273C       18     4E78       0
                text32                             27DF     27DF       21     4FBE       0
                text31                             1C7B     1C7B       AF     38F6       0
                text30                             1EFF     1EFF      101     3DFE       0
                text29                             1D2A     1D2A       EA     3A54       0
                text28                             276C     276C       1A     4ED8       0
                text27                                4        4        1        0       0
                text26                             19DB     19DB       56     33B6       0
                text25                             18B1     18B1       29     3162       0
                text24                             2786     2786       1A     4F0C       0
                text23                             1A31     1A31       59     3462       0
                text22                             12BD     12BD      170     257A       0
                text21                             1AE5     1AE5       5F     35CA       0
                text20                             1988     1988       53     3310       0
                text19                              879      879      1B4     10F2       0
                text18                             193A     193A       4E     3274       0
                text17                             1B44     1B44       8B     3688       0
                text16                             1843     1843       23     3086       0
                text15                              A2D      A2D      257     145A       0
                text14                             12B2     12B2        B     2564       0
                text13                             15C1     15C1      23F     2B82       0
                text12                             27BF     27BF       20     4F7E       0
                text11                              804      804       75     1008       0
                text10                                5        5       7F        A       0
                text9                              1E14     1E14       EB     3C28       0
                text8                              1800     1800       21     2B82       0
                text7                              2754     2754       18     4EA8       0
                text6                              1866     1866       25     30CC       0
                text5                                84       84      769      108       0
                text4                              1A8A     1A8A       5B     3514       0
                text3                               C84      C84      37C     1908       0
                text2                              1906     1906       34     320C       0
                text1                              18DA     18DA       2C     31B4       0
                maintext                           142D     142D      194     285A       0
                cstackBANK0                          20       20       50       20       1
                cstackCOMMON                         70       70        E       70       1
                cstackBANK1                          A0       A0       50       A0       1
                cstackBANK2                         120      120       2D      120       1
                cstackBANK3                         1A0      1A0       2C      1A0       1
                clrtext                            26D0     26D0        6     4DA0       0
                bssBANK4                            220      220       50      220       1
                bssBANK2                            14D      14D       13      120       1
                stringtext8                        2835     2835        3     5000       0
                stringtext7                        2831     2831        4     5000       0
                stringtext6                        282D     282D        4     5000       0
                stringtext5                        2829     2829        4     5000       0
                stringtext4                        2825     2825        4     5000       0
                stringtext3                        2819     2819        C     5000       0
                stringtext2                        2800     2800       19     5000       0
                nvBANK2                             160      160        6      120       1
                stringtext1                        1000     1000      2B2     2000       0

TOTAL           Name                               Link     Load   Length     Space
        CLASS   STACK          

        CLASS   CODE           
                end_init                              2        2        2         0
                cinit                               7ED      7ED       13         0
                reset_vec                             0        0        2         0
                text48                             2724     2724       18         0
                text47                             26DE     26DE        9         0
                text46                             26BE     26BE        6         0
                text45                             26C4     26C4        6         0
                text44                             26CA     26CA        6         0
                text43                             1821     1821       22         0
                text42                             26E7     26E7        9         0
                text41                             188B     188B       26         0
                text40                             26D6     26D6        8         0
                text39                              800      800        4         0
                text38                             26FA     26FA       13         0
                text37                             1BCF     1BCF       AC         0
                text36                             26F0     26F0        A         0
                text35                             270D     270D       17         0
                text34                             27A0     27A0       1F         0
                text33                             273C     273C       18         0
                text32                             27DF     27DF       21         0
                text31                             1C7B     1C7B       AF         0
                text30                             1EFF     1EFF      101         0
                text29                             1D2A     1D2A       EA         0
                text28                             276C     276C       1A         0
                text27                                4        4        1         0
                text26                             19DB     19DB       56         0
                text25                             18B1     18B1       29         0
                text24                             2786     2786       1A         0
                text23                             1A31     1A31       59         0
                text22                             12BD     12BD      170         0
                text21                             1AE5     1AE5       5F         0
                text20                             1988     1988       53         0
                text19                              879      879      1B4         0
                text18                             193A     193A       4E         0
                text17                             1B44     1B44       8B         0
                text16                             1843     1843       23         0
                text15                              A2D      A2D      257         0
                text14                             12B2     12B2        B         0
                text13                             15C1     15C1      23F         0
                text12                             27BF     27BF       20         0
                text11                              804      804       75         0
                text10                                5        5       7F         0
                text9                              1E14     1E14       EB         0
                text8                              1800     1800       21         0
                text7                              2754     2754       18         0
                text6                              1866     1866       25         0
                text5                                84       84      769         0
                text4                              1A8A     1A8A       5B         0
                text3                               C84      C84      37C         0
                text2                              1906     1906       34         0
                text1                              18DA     18DA       2C         0
                maintext                           142D     142D      194         0
                clrtext                            26D0     26D0        6         0

        CLASS   STRCODE        
                stringtext8                        2835     2835        3         0
                stringtext7                        2831     2831        4         0
                stringtext6                        282D     282D        4         0
                stringtext5                        2829     2829        4         0
                stringtext4                        2825     2825        4         0
                stringtext3                        2819     2819        C         0
                stringtext2                        2800     2800       19         0
                stringtext1                        1000     1000      2B2         0

        CLASS   STRING         

        CLASS   CONST          

        CLASS   ENTRY          

        CLASS   COMMON         
                cstackCOMMON                         70       70        E         1

        CLASS   BANK0          
                cstackBANK0                          20       20       50         1

        CLASS   BANK1          
                cstackBANK1                          A0       A0       50         1

        CLASS   BANK2          
                cstackBANK2                         120      120       2D         1
                bssBANK2                            14D      14D       13         1
                nvBANK2                             160      160        6         1

        CLASS   BANK3          
                cstackBANK3                         1A0      1A0       2C         1

        CLASS   BANK4          
                bssBANK4                            220      220       50         1

        CLASS   BANK5          

        CLASS   BANK6          

        CLASS   BANK7          

        CLASS   BANK8          

        CLASS   BANK9          

        CLASS   BANK10         

        CLASS   BANK11         

        CLASS   BANK12         

        CLASS   BANK13         

        CLASS   BANK14         

        CLASS   BANK15         

        CLASS   BANK16         

        CLASS   BANK17         

        CLASS   BANK18         

        CLASS   BANK19         

        CLASS   BANK20         

        CLASS   BANK21         

        CLASS   BANK22         

        CLASS   BANK23         

        CLASS   BANK24         

        CLASS   BANK25         

        CLASS   BIGRAM         

        CLASS   RAM            

        CLASS   ABS1           
                abs_s1                               7E       7E        2         1

        CLASS   SFR0           

        CLASS   SFR1           

        CLASS   SFR2           

        CLASS   SFR3           

        CLASS   SFR4           

        CLASS   SFR5           

        CLASS   SFR6           

        CLASS   SFR7           

        CLASS   SFR8           

        CLASS   SFR9           

        CLASS   SFR10          

        CLASS   SFR11          

        CLASS   SFR12          

        CLASS   SFR13          

        CLASS   SFR14          

        CLASS   SFR15          

        CLASS   SFR16          

        CLASS   SFR17          

        CLASS   SFR18          

        CLASS   SFR19          

        CLASS   SFR20          

        CLASS   SFR21          

        CLASS   SFR22          

        CLASS   SFR23          

        CLASS   SFR24          

        CLASS   SFR25          

        CLASS   SFR26          

        CLASS   SFR27          

        CLASS   SFR28          

        CLASS   SFR29          

        CLASS   SFR30          

        CLASS   SFR31          

        CLASS   CONFIG         
                config                             8007     8007        4         4

        CLASS   IDLOC          

        CLASS   EEDATA         

        CLASS   BANK31         

        CLASS   BANK30         

        CLASS   BANK29         

        CLASS   BANK28         

        CLASS   BANK27         

        CLASS   BANK26         



SEGMENTS        Name                           Load    Length   Top    Selector   Space  Class     Delta

                reset_vec                      000000  000005  000005         0       0  CODE        2
                text10                         000005  00007F  000084         A       0  CODE        2
                cstackBANK0                    000020  000050  000070        20       1  BANK0       1
                cstackCOMMON                   000070  00000E  00007E        70       1  COMMON      1
                cstackBANK1                    0000A0  000050  0000F0        A0       1  BANK1       1
                text5                          000084  000769  0007ED       108       0  CODE        2
                cstackBANK2                    000120  000046  000166       120       1  BANK2       1
                cstackBANK3                    0001A0  00002C  0001CC       1A0       1  BANK3       1
                bssBANK4                       000220  000050  000270       220       1  BANK4       1
                cinit                          0007ED  000017  000804       FDA       0  CODE        2
                text11                         000804  000075  000879      1008       0  CODE        2
                text19                         000879  0001B4  000A2D      10F2       0  CODE        2
                text15                         000A2D  000257  000C84      145A       0  CODE        2
                text3                          000C84  00037C  001000      1908       0  CODE        2
                stringtext1                    001000  0002B2  0012B2      2000       0  STRCODE     2
                text14                         0012B2  00000B  0012BD      2564       0  CODE        2
                text22                         0012BD  000170  00142D      257A       0  CODE        2
                maintext                       00142D  000194  0015C1      285A       0  CODE        2
                text13                         0015C1  000260  001821      2B82       0  CODE        2
                text43                         001821  000022  001843      3042       0  CODE        2
                text16                         001843  000023  001866      3086       0  CODE        2
                text6                          001866  000025  00188B      30CC       0  CODE        2
                text41                         00188B  000026  0018B1      3116       0  CODE        2
                text25                         0018B1  000029  0018DA      3162       0  CODE        2
                text1                          0018DA  00002C  001906      31B4       0  CODE        2
                text2                          001906  000034  00193A      320C       0  CODE        2
                text18                         00193A  00004E  001988      3274       0  CODE        2
                text20                         001988  000053  0019DB      3310       0  CODE        2
                text26                         0019DB  000056  001A31      33B6       0  CODE        2
                text23                         001A31  000059  001A8A      3462       0  CODE        2
                text4                          001A8A  00005B  001AE5      3514       0  CODE        2
                text21                         001AE5  00005F  001B44      35CA       0  CODE        2
                text17                         001B44  00008B  001BCF      3688       0  CODE        2
                text37                         001BCF  0000AC  001C7B      379E       0  CODE        2
                text31                         001C7B  0000AF  001D2A      38F6       0  CODE        2
                text29                         001D2A  0000EA  001E14      3A54       0  CODE        2
                text9                          001E14  0000EB  001EFF      3C28       0  CODE        2
                text30                         001EFF  000101  002000      3DFE       0  CODE        2
                text46                         0026BE  000006  0026C4      4D7C       0  CODE        2
                text45                         0026C4  000006  0026CA      4D88       0  CODE        2
                text44                         0026CA  000006  0026D0      4D94       0  CODE        2
                clrtext                        0026D0  000006  0026D6      4DA0       0  CODE        2
                text40                         0026D6  000008  0026DE      4DAC       0  CODE        2
                text47                         0026DE  000009  0026E7      4DBC       0  CODE        2
                text42                         0026E7  000009  0026F0      4DCE       0  CODE        2
                text36                         0026F0  00000A  0026FA      4DE0       0  CODE        2
                text38                         0026FA  000013  00270D      4DF4       0  CODE        2
                text35                         00270D  000017  002724      4E1A       0  CODE        2
                text48                         002724  000018  00273C      4E48       0  CODE        2
                text33                         00273C  000018  002754      4E78       0  CODE        2
                text7                          002754  000018  00276C      4EA8       0  CODE        2
                text28                         00276C  00001A  002786      4ED8       0  CODE        2
                text24                         002786  00001A  0027A0      4F0C       0  CODE        2
                text34                         0027A0  00001F  0027BF      4F40       0  CODE        2
                text12                         0027BF  000020  0027DF      4F7E       0  CODE        2
                text32                         0027DF  000021  002800      4FBE       0  CODE        2
                stringtext2                    002800  000038  002838      5000       0  STRCODE     2


UNUSED ADDRESS RANGES

        Name                Unused          Largest block    Delta
        BANK10           00520-0056F              50           1
        BANK11           005A0-005EF              50           1
        BANK12           00620-0066F              50           1
        BANK13           006A0-006EF              50           1
        BANK14           00720-0076F              50           1
        BANK15           007A0-007EF              50           1
        BANK16           00820-0086F              50           1
        BANK17           008A0-008EF              50           1
        BANK18           00920-0096F              50           1
        BANK19           009A0-009EF              50           1
        BANK2            00166-0016F               A           1
        BANK20           00A20-00A6F              50           1
        BANK21           00AA0-00AEF              50           1
        BANK22           00B20-00B6F              50           1
        BANK23           00BA0-00BEF              50           1
        BANK24           00C20-00C6F              50           1
        BANK25           00CA0-00CBF              20           1
        BANK3            001CC-001EF              24           1
        BANK5            002A0-002EF              50           1
        BANK6            00320-0036F              50           1
        BANK7            003A0-003EF              50           1
        BANK8            00420-0046F              50           1
        BANK9            004A0-004EF              50           1
        BIGRAM           02000-027EF             7F0           1
        CODE             02000-026BD             6BE           2
                         02838-03FFF             800
        CONST            02000-026BD             100           2
                         02838-03FFF             100
        EEDATA           0F000-0F0FF             100           2
        ENTRY            02000-026BD             100           2
                         02838-03FFF             100
        IDLOC            08000-08003               4           2
        RAM              00166-0016F               A           1
                         001CC-001EF              24
                         002A0-002EF              50
                         00320-0036F              50
                         003A0-003EF              50
                         00420-0046F              50
                         004A0-004EF              50
                         00520-0056F              50
                         005A0-005EF              50
                         00620-0066F              50
                         006A0-006EF              50
                         00720-0076F              50
                         007A0-007EF              50
                         00820-0086F              50
                         008A0-008EF              50
                         00920-0096F              50
                         009A0-009EF              50
                         00A20-00A6F              50
                         00AA0-00AEF              50
                         00B20-00B6F              50
                         00BA0-00BEF              50
                         00C20-00C6F              50
                         00CA0-00CBF              20
        SFR0             00000-0001F              20           1
        SFR1             00080-0009F              20           1
        SFR10            00500-0051F              20           1
        SFR11            00580-0059F              20           1
        SFR12            00600-0061F              20           1
        SFR13            00680-0069F              20           1
        SFR14            00700-0071F              20           1
        SFR15            00780-0079F              20           1
        SFR16            00800-0081F              20           1
        SFR17            00880-0089F              20           1
        SFR18            00900-0091F              20           1
        SFR19            00980-0099F              20           1
        SFR2             00100-0011F              20           1
        SFR20            00A00-00A1F              20           1
        SFR21            00A80-00A9F              20           1
        SFR22            00B00-00B1F              20           1
        SFR23            00B80-00B9F              20           1
        SFR24            00C00-00C1F              20           1
        SFR25            00C80-00C9F              20           1
        SFR26            00D00-00D6F              70           1
        SFR27            00D80-00DEF              70           1
        SFR28            00E00-00E6F              70           1
        SFR29            00E80-00EEF              70           1
        SFR3             00180-0019F              20           1
        SFR30            00F00-00F6F              70           1
        SFR31            00F80-00FEF              70           1
        SFR4             00200-0021F              20           1
        SFR5             00280-0029F              20           1
        SFR6             00300-0031F              20           1
        SFR7             00380-0039F              20           1
        SFR8             00400-0041F              20           1
        SFR9             00480-0049F              20           1
        STACK            02190-027EF             660           1
        STRCODE          02000-026BD             6BE           2
                         02838-03FFF            17C8
        STRING           02000-026BD             100           2
                         02838-03FFF             100

                                  Symbol Table

?_ADC_GetConversion                            cstackCOMMON 00070
?__Umul8_16                                    cstackCOMMON 00070
?___aodiv                                      cstackBANK0  00020
?___aomod                                      cstackBANK0  00020
?___awdiv                                      cstackCOMMON 00070
?___awmod                                      cstackCOMMON 00070
?___fladd                                      cstackCOMMON 00070
?___fldiv                                      cstackBANK0  00042
?___flmul                                      cstackBANK0  00020
?___flneg                                      cstackCOMMON 00070
?___flsub                                      cstackBANK0  0003A
?___fltol                                      cstackBANK0  0005C
?___fpclassifyf                                cstackCOMMON 00070
?___wmul                                       cstackCOMMON 00070
?___xxtofl                                     cstackCOMMON 00070
?_abs                                          cstackCOMMON 00073
?_atoi                                         cstackCOMMON 00076
?_dtoa                                         cstackBANK0  00030
?_efgtoa                                       cstackBANK1  000A0
?_floorf                                       cstackBANK0  0005C
?_isdigit                                      cstackCOMMON 00070
?_isspace                                      cstackCOMMON 00070
?_isupper                                      cstackCOMMON 00070
?_pad                                          cstackBANK0  00024
?_sprintf                                      cstackBANK2  0013A
?_strlen                                       cstackCOMMON 00070
?_strncmp                                      cstackCOMMON 00070
?_tolower                                      cstackCOMMON 00076
?_vfpfcnvrt                                    cstackBANK1  000E2
?_vfprintf                                     cstackBANK1  000EA
ADC_GetConversion@channel                      cstackCOMMON 00073
EUSART_SetErrorHandler@interruptHandler        cstackCOMMON 00070
EUSART_SetFramingErrorHandler@interruptHandler cstackCOMMON 00070
EUSART_SetOverrunErrorHandler@interruptHandler cstackCOMMON 00070
EUSART_Write@txData                            cstackCOMMON 00070
_ADACT                                         (abs)        0009F
_ADCON0                                        (abs)        0009D
_ADCON0bits                                    (abs)        0009D
_ADCON1                                        (abs)        0009E
_ADC_GetConversion                             text48       02724
_ADC_Initialize                                text47       026DE
_ADRESH                                        (abs)        0009C
_ADRESL                                        (abs)        0009B
_ANSELA                                        (abs)        0018C
_ANSELC                                        (abs)        0018E
_BAUD1CON                                      (abs)        0019F
_EUSART_DefaultErrorHandler                    (abs)        00000
_EUSART_DefaultFramingErrorHandler             (abs)        00000
_EUSART_DefaultOverrunErrorHandler             (abs)        00000
_EUSART_ErrorHandler                           nvBANK2      00160
_EUSART_FramingErrorHandler                    nvBANK2      00164
_EUSART_Initialize                             text43       01821
_EUSART_OverrunErrorHandler                    nvBANK2      00162
_EUSART_SetErrorHandler                        text46       026BE
_EUSART_SetFramingErrorHandler                 text45       026C4
_EUSART_SetOverrunErrorHandler                 text44       026CA
_EUSART_Write                                  text36       026F0
_INLVLA                                        (abs)        0038C
_INLVLC                                        (abs)        0038E
_LATA                                          (abs)        0010C
_LATC                                          (abs)        0010E
_LATCbits                                      (abs)        0010E
_ODCONA                                        (abs)        0028C
_ODCONC                                        (abs)        0028E
_OSCCON1                                       (abs)        00919
_OSCCON3                                       (abs)        0091B
_OSCEN                                         (abs)        0091D
_OSCFRQ                                        (abs)        0091F
_OSCILLATOR_Initialize                         text42       026E7
_OSCTUNE                                       (abs)        0091E
_PIN_MANAGER_Initialize                        text41       0188B
_PIR1bits                                      (abs)        00011
_PMD0                                          (abs)        00911
_PMD1                                          (abs)        00912
_PMD2                                          (abs)        00913
_PMD3                                          (abs)        00914
_PMD4                                          (abs)        00915
_PMD5                                          (abs)        00916
_PMD_Initialize                                text40       026D6
_PORTCbits                                     (abs)        0000E
_RC1REG                                        (abs)        00199
_RC1STA                                        (abs)        0019D
_RC1STAbits                                    (abs)        0019D
_RC4PPS                                        (abs)        00EA4
_RXPPS                                         (abs)        00E24
_SLRCONA                                       (abs)        0030C
_SLRCONC                                       (abs)        0030E
_SP1BRGH                                       (abs)        0019C
_SP1BRGL                                       (abs)        0019B
_SYSTEM_Initialize                             text38       026FA
_TRISA                                         (abs)        0008C
_TRISC                                         (abs)        0008E
_TX1REG                                        (abs)        0019A
_TX1STA                                        (abs)        0019E
_TX1STAbits                                    (abs)        0019E
_WDTCON                                        (abs)        00097
_WDT_Initialize                                text39       00800
_WPUA                                          (abs)        0020C
_WPUC                                          (abs)        0020E
__Habs1                                        abs1         00000
__Hbank0                                       bank0        00000
__Hbank1                                       bank1        00000
__Hbank10                                      bank10       00000
__Hbank11                                      bank11       00000
__Hbank12                                      bank12       00000
__Hbank13                                      bank13       00000
__Hbank14                                      bank14       00000
__Hbank15                                      bank15       00000
__Hbank16                                      bank16       00000
__Hbank17                                      bank17       00000
__Hbank18                                      bank18       00000
__Hbank19                                      bank19       00000
__Hbank2                                       bank2        00000
__Hbank20                                      bank20       00000
__Hbank21                                      bank21       00000
__Hbank22                                      bank22       00000
__Hbank23                                      bank23       00000
__Hbank24                                      bank24       00000
__Hbank25                                      bank25       00000
__Hbank26                                      bank26       00000
__Hbank27                                      bank27       00000
__Hbank28                                      bank28       00000
__Hbank29                                      bank29       00000
__Hbank3                                       bank3        00000
__Hbank30                                      bank30       00000
__Hbank31                                      bank31       00000
__Hbank4                                       bank4        00000
__Hbank5                                       bank5        00000
__Hbank6                                       bank6        00000
__Hbank7                                       bank7        00000
__Hbank8                                       bank8        00000
__Hbank9                                       bank9        00000
__Hbigram                                      bigram       00000
__HbssBANK2                                    bssBANK2     00000
__HbssBANK4                                    bssBANK4     00000
__Hcinit                                       cinit        00800
__Hclrtext                                     clrtext      00000
__Hcode                                        code         00000
__Hcommon                                      common       00000
__Hconfig                                      config       0800B
__HcstackBANK0                                 cstackBANK0  00000
__HcstackBANK1                                 cstackBANK1  00000
__HcstackBANK2                                 cstackBANK2  00000
__HcstackBANK3                                 cstackBANK3  00000
__HcstackCOMMON                                cstackCOMMON 00000
__Heeprom_data                                 eeprom_data  00000
__Hend_init                                    end_init     00004
__Hfunctab                                     functab      00000
__Hinit                                        init         00002
__Hintentry                                    intentry     00002
__Hmaintext                                    maintext     00000
__HnvBANK2                                     nvBANK2      00000
__Hpowerup                                     powerup      00000
__Hram                                         ram          00000
__Hreset_vec                                   reset_vec    00002
__Hsfr0                                        sfr0         00000
__Hsfr1                                        sfr1         00000
__Hsfr10                                       sfr10        00000
__Hsfr11                                       sfr11        00000
__Hsfr12                                       sfr12        00000
__Hsfr13                                       sfr13        00000
__Hsfr14                                       sfr14        00000
__Hsfr15                                       sfr15        00000
__Hsfr16                                       sfr16        00000
__Hsfr17                                       sfr17        00000
__Hsfr18                                       sfr18        00000
__Hsfr19                                       sfr19        00000
__Hsfr2                                        sfr2         00000
__Hsfr20                                       sfr20        00000
__Hsfr21                                       sfr21        00000
__Hsfr22                                       sfr22        00000
__Hsfr23                                       sfr23        00000
__Hsfr24                                       sfr24        00000
__Hsfr25                                       sfr25        00000
__Hsfr26                                       sfr26        00000
__Hsfr27                                       sfr27        00000
__Hsfr28                                       sfr28        00000
__Hsfr29                                       sfr29        00000
__Hsfr3                                        sfr3         00000
__Hsfr30                                       sfr30        00000
__Hsfr31                                       sfr31        00000
__Hsfr4                                        sfr4         00000
__Hsfr5                                        sfr5         00000
__Hsfr6                                        sfr6         00000
__Hsfr7                                        sfr7         00000
__Hsfr8                                        sfr8         00000
__Hsfr9                                        sfr9         00000
__Hspace_0                                     (abs)        02838
__Hspace_1                                     (abs)        00270
__Hspace_2                                     (abs)        00000
__Hspace_3                                     (abs)        00000
__Hspace_4                                     (abs)        10012
__Hstack                                       stack        00000
__Hstrings                                     strings      00000
__Hstringtext1                                 stringtext1  00000
__Hstringtext2                                 stringtext2  00000
__Hstringtext3                                 stringtext3  00000
__Hstringtext4                                 stringtext4  00000
__Hstringtext5                                 stringtext5  00000
__Hstringtext6                                 stringtext6  00000
__Hstringtext7                                 stringtext7  00000
__Hstringtext8                                 stringtext8  00000
__Hstringtext9                                 stringtext9  00000
__Htext                                        text         00000
__Labs1                                        abs1         00000
__Lbank0                                       bank0        00000
__Lbank1                                       bank1        00000
__Lbank10                                      bank10       00000
__Lbank11                                      bank11       00000
__Lbank12                                      bank12       00000
__Lbank13                                      bank13       00000
__Lbank14                                      bank14       00000
__Lbank15                                      bank15       00000
__Lbank16                                      bank16       00000
__Lbank17                                      bank17       00000
__Lbank18                                      bank18       00000
__Lbank19                                      bank19       00000
__Lbank2                                       bank2        00000
__Lbank20                                      bank20       00000
__Lbank21                                      bank21       00000
__Lbank22                                      bank22       00000
__Lbank23                                      bank23       00000
__Lbank24                                      bank24       00000
__Lbank25                                      bank25       00000
__Lbank26                                      bank26       00000
__Lbank27                                      bank27       00000
__Lbank28                                      bank28       00000
__Lbank29                                      bank29       00000
__Lbank3                                       bank3        00000
__Lbank30                                      bank30       00000
__Lbank31                                      bank31       00000
__Lbank4                                       bank4        00000
__Lbank5                                       bank5        00000
__Lbank6                                       bank6        00000
__Lbank7                                       bank7        00000
__Lbank8                                       bank8        00000
__Lbank9                                       bank9        00000
__Lbigram                                      bigram       00000
__LbssBANK2                                    bssBANK2     00000
__LbssBANK4                                    bssBANK4     00000
__Lcinit                                       cinit        007ED
__Lclrtext                                     clrtext      00000
__Lcode                                        code         00000
__Lcommon                                      common       00000
__Lconfig                                      config       00000
__LcstackBANK0                                 cstackBANK0  00000
__LcstackBANK1                                 cstackBANK1  00000
__LcstackBANK2                                 cstackBANK2  00000
__LcstackBANK3                                 cstackBANK3  00000
__LcstackCOMMON                                cstackCOMMON 00000
__Leeprom_data                                 eeprom_data  00000
__Lend_init                                    end_init     00002
__Lfunctab                                     functab      00000
__Linit                                        init         00002
__Lintentry                                    intentry     00002
__Lmaintext                                    maintext     00000
__LnvBANK2                                     nvBANK2      00000
__Lpowerup                                     powerup      00000
__Lram                                         ram          00000
__Lreset_vec                                   reset_vec    00000
__Lsfr0                                        sfr0         00000
__Lsfr1                                        sfr1         00000
__Lsfr10                                       sfr10        00000
__Lsfr11                                       sfr11        00000
__Lsfr12                                       sfr12        00000
__Lsfr13                                       sfr13        00000
__Lsfr14                                       sfr14        00000
__Lsfr15                                       sfr15        00000
__Lsfr16                                       sfr16        00000
__Lsfr17                                       sfr17        00000
__Lsfr18                                       sfr18        00000
__Lsfr19                                       sfr19        00000
__Lsfr2                                        sfr2         00000
__Lsfr20                                       sfr20        00000
__Lsfr21                                       sfr21        00000
__Lsfr22                                       sfr22        00000
__Lsfr23                                       sfr23        00000
__Lsfr24                                       sfr24        00000
__Lsfr25                                       sfr25        00000
__Lsfr26                                       sfr26        00000
__Lsfr27                                       sfr27        00000
__Lsfr28                                       sfr28        00000
__Lsfr29                                       sfr29        00000
__Lsfr3                                        sfr3         00000
__Lsfr30                                       sfr30        00000
__Lsfr31                                       sfr31        00000
__Lsfr4                                        sfr4         00000
__Lsfr5                                        sfr5         00000
__Lsfr6                                        sfr6         00000
__Lsfr7                                        sfr7         00000
__Lsfr8                                        sfr8         00000
__Lsfr9                                        sfr9         00000
__Lspace_0                                     (abs)        00000
__Lspace_1                                     (abs)        00000
__Lspace_2                                     (abs)        00000
__Lspace_3                                     (abs)        00000
__Lspace_4                                     (abs)        00000
__Lstack                                       stack        00000
__Lstrings                                     strings      00000
__Lstringtext1                                 stringtext1  00000
__Lstringtext2                                 stringtext2  00000
__Lstringtext3                                 stringtext3  00000
__Lstringtext4                                 stringtext4  00000
__Lstringtext5                                 stringtext5  00000
__Lstringtext6                                 stringtext6  00000
__Lstringtext7                                 stringtext7  00000
__Lstringtext8                                 stringtext8  00000
__Lstringtext9                                 stringtext9  00000
__Ltext                                        text         00000
__S0                                           (abs)        02838
__S1                                           (abs)        00270
__S2                                           (abs)        00000
__S3                                           (abs)        00000
__Umul8_16                                     text16       01843
__Umul8_16@multiplicand                        cstackCOMMON 00070
__Umul8_16@multiplier                          cstackCOMMON 00078
__Umul8_16@product                             cstackCOMMON 00074
__Umul8_16@word_mpld                           cstackCOMMON 00076
___aodiv                                       text30       01EFF
___aodiv@counter                               cstackCOMMON 00071
___aodiv@dividend                              cstackBANK0  00028
___aodiv@divisor                               cstackBANK0  00020
___aodiv@quotient                              cstackCOMMON 00073
___aodiv@sign                                  cstackCOMMON 00072
___aomod                                       text29       01D2A
___aomod@counter                               cstackCOMMON 00071
___aomod@dividend                              cstackBANK0  00028
___aomod@divisor                               cstackBANK0  00020
___aomod@sign                                  cstackCOMMON 00072
___awdiv                                       text21       01AE5
___awdiv@counter                               cstackCOMMON 00075
___awdiv@dividend                              cstackCOMMON 00072
___awdiv@divisor                               cstackCOMMON 00070
___awdiv@quotient                              cstackCOMMON 00077
___awdiv@sign                                  cstackCOMMON 00076
___awmod                                       text20       01988
___awmod@counter                               cstackCOMMON 00075
___awmod@dividend                              cstackCOMMON 00072
___awmod@divisor                               cstackCOMMON 00070
___awmod@sign                                  cstackCOMMON 00076
___fladd                                       text13       015C1
___fladd@a                                     cstackCOMMON 00074
___fladd@aexp                                  cstackCOMMON 00079
___fladd@b                                     cstackCOMMON 00070
___fladd@bexp                                  cstackCOMMON 0007A
___fladd@grs                                   cstackCOMMON 0007B
___fladd@signs                                 cstackCOMMON 00078
___fldiv                                       text19       00879
___fldiv@a                                     cstackBANK0  00042
___fldiv@aexp                                  cstackBANK0  0005B
___fldiv@b                                     cstackBANK0  00046
___fldiv@bexp                                  cstackBANK0  0005A
___fldiv@grs                                   cstackBANK0  00056
___fldiv@new_exp                               cstackBANK0  00054
___fldiv@rem                                   cstackBANK0  0004F
___fldiv@sign                                  cstackBANK0  00053
___fleq                                        text18       0193A
___fleq@ff1                                    cstackCOMMON 00070
___fleq@ff2                                    cstackCOMMON 00074
___flge                                        text17       01B44
___flge@ff1                                    cstackBANK0  0003A
___flge@ff2                                    cstackBANK0  0003E
___flmul                                       text15       00A2D
___flmul@a                                     cstackBANK0  00024
___flmul@aexp                                  cstackBANK0  00032
___flmul@b                                     cstackBANK0  00020
___flmul@bexp                                  cstackBANK0  00033
___flmul@grs                                   cstackBANK0  0002E
___flmul@prod                                  cstackBANK0  00034
___flmul@sign                                  cstackBANK0  0002D
___flmul@temp                                  cstackBANK0  00038
___flneg                                       text14       012B2
___flneg@f1                                    cstackCOMMON 00070
___flsub                                       text12       027BF
___flsub@a                                     cstackBANK0  0003A
___flsub@b                                     cstackBANK0  0003E
___fltol                                       text11       00804
___fltol@exp1                                  cstackBANK0  00066
___fltol@f1                                    cstackBANK0  0005C
___fltol@sign1                                 cstackBANK0  00065
___fpclassifyf                                 text10       00005
___fpclassifyf@F465                            bssBANK2     00151
___fpclassifyf@e                               cstackBANK0  00020
___fpclassifyf@u                               cstackBANK0  00022
___fpclassifyf@x                               cstackCOMMON 00070
___int_sp                                      stack        00000
___latbits                                     (abs)        00003
___sp                                          stack        00000
___stackhi                                     (abs)        027EF
___stacklo                                     (abs)        02190
___wmul                                        text34       027A0
___wmul@multiplicand                           cstackCOMMON 00072
___wmul@multiplier                             cstackCOMMON 00070
___wmul@product                                cstackCOMMON 00074
___xxtofl                                      text37       01BCF
___xxtofl@arg                                  cstackCOMMON 0007A
___xxtofl@exp                                  cstackCOMMON 00079
___xxtofl@sign                                 cstackCOMMON 00078
___xxtofl@val                                  cstackCOMMON 00070
__end_of_ADC_GetConversion                     text48       0273C
__end_of_ADC_Initialize                        text47       026E7
__end_of_EUSART_Initialize                     text43       01843
__end_of_EUSART_SetErrorHandler                text46       026C4
__end_of_EUSART_SetFramingErrorHandler         text45       026CA
__end_of_EUSART_SetOverrunErrorHandler         text44       026D0
__end_of_EUSART_Write                          text36       026FA
__end_of_OSCILLATOR_Initialize                 text42       026F0
__end_of_PIN_MANAGER_Initialize                text41       018B1
__end_of_PMD_Initialize                        text40       026DE
__end_of_SYSTEM_Initialize                     text38       0270D
__end_of_WDT_Initialize                        text39       00804
__end_of__Umul8_16                             text16       01866
__end_of___aodiv                               text30       02000
__end_of___aomod                               text29       01E14
__end_of___awdiv                               text21       01B44
__end_of___awmod                               text20       019DB
__end_of___fladd                               text13       01800
__end_of___fldiv                               text19       00A2D
__end_of___fleq                                text18       01988
__end_of___flge                                text17       01BCF
__end_of___flmul                               text15       00C84
__end_of___flneg                               text14       012BD
__end_of___flsub                               text12       027DF
__end_of___fltol                               text11       00879
__end_of___fpclassifyf                         text10       00084
__end_of___wmul                                text34       027BF
__end_of___xxtofl                              text37       01C7B
__end_of__initialization                       cinit        007FD
__end_of_abs                                   text28       02786
__end_of_atoi                                  text31       01D2A
__end_of_co2_table                             stringtext1  012B2
__end_of_dtoa                                  text22       0142D
__end_of_efgtoa                                text5        007ED
__end_of_floorf                                text9        01EFF
__end_of_fputc                                 text26       01A31
__end_of_fputs                                 text25       018DA
__end_of_isdigit                               text33       02754
__end_of_isspace                               text32       02800
__end_of_isupper                               text7        0276C
__end_of_main                                  maintext     015C1
__end_of_pad                                   text23       01A8A
__end_of_putch                                 text27       00005
__end_of_putstr                                text35       02724
__end_of_sprintf                               text1        01906
__end_of_strcpy                                text8        01821
__end_of_strlen                                text24       027A0
__end_of_strncmp                               text4        01AE5
__end_of_tolower                               text6        0188B
__end_of_vfpfcnvrt                             text3        01000
__end_of_vfprintf                              text2        0193A
__initialization                               cinit        007ED
__pbssBANK2                                    bssBANK2     0014D
__pbssBANK4                                    bssBANK4     00220
__pcstackBANK0                                 cstackBANK0  00020
__pcstackBANK1                                 cstackBANK1  000A0
__pcstackBANK2                                 cstackBANK2  00120
__pcstackBANK3                                 cstackBANK3  001A0
__pcstackCOMMON                                cstackCOMMON 00070
__pmaintext                                    maintext     0142D
__pnvBANK2                                     nvBANK2      00160
__pstringtext1                                 stringtext1  01000
__pstringtext2                                 stringtext2  02800
__pstringtext3                                 stringtext3  02819
__pstringtext4                                 stringtext4  02825
__pstringtext5                                 stringtext5  02829
__pstringtext6                                 stringtext6  0282D
__pstringtext7                                 stringtext7  02831
__pstringtext8                                 stringtext8  02835
__pstringtext9                                 stringtext9  00000
__ptext1                                       text1        018DA
__ptext10                                      text10       00005
__ptext11                                      text11       00804
__ptext12                                      text12       027BF
__ptext13                                      text13       015C1
__ptext14                                      text14       012B2
__ptext15                                      text15       00A2D
__ptext16                                      text16       01843
__ptext17                                      text17       01B44
__ptext18                                      text18       0193A
__ptext19                                      text19       00879
__ptext2                                       text2        01906
__ptext20                                      text20       01988
__ptext21                                      text21       01AE5
__ptext22                                      text22       012BD
__ptext23                                      text23       01A31
__ptext24                                      text24       02786
__ptext25                                      text25       018B1
__ptext26                                      text26       019DB
__ptext27                                      text27       00004
__ptext28                                      text28       0276C
__ptext29                                      text29       01D2A
__ptext3                                       text3        00C84
__ptext30                                      text30       01EFF
__ptext31                                      text31       01C7B
__ptext32                                      text32       027DF
__ptext33                                      text33       0273C
__ptext34                                      text34       027A0
__ptext35                                      text35       0270D
__ptext36                                      text36       026F0
__ptext37                                      text37       01BCF
__ptext38                                      text38       026FA
__ptext39                                      text39       00800
__ptext4                                       text4        01A8A
__ptext40                                      text40       026D6
__ptext41                                      text41       0188B
__ptext42                                      text42       026E7
__ptext43                                      text43       01821
__ptext44                                      text44       026CA
__ptext45                                      text45       026C4
__ptext46                                      text46       026BE
__ptext47                                      text47       026DE
__ptext48                                      text48       02724
__ptext5                                       text5        00084
__ptext6                                       text6        01866
__ptext7                                       text7        02754
__ptext8                                       text8        01800
__ptext9                                       text9        01E14
__size_of_ADC_GetConversion                    (abs)        00000
__size_of_ADC_Initialize                       (abs)        00000
__size_of_EUSART_Initialize                    (abs)        00000
__size_of_EUSART_SetErrorHandler               (abs)        00000
__size_of_EUSART_SetFramingErrorHandler        (abs)        00000
__size_of_EUSART_SetOverrunErrorHandler        (abs)        00000
__size_of_EUSART_Write                         (abs)        00000
__size_of_OSCILLATOR_Initialize                (abs)        00000
__size_of_PIN_MANAGER_Initialize               (abs)        00000
__size_of_PMD_Initialize                       (abs)        00000
__size_of_SYSTEM_Initialize                    (abs)        00000
__size_of_WDT_Initialize                       (abs)        00000
__size_of__Umul8_16                            (abs)        00000
__size_of___aodiv                              (abs)        00000
__size_of___aomod                              (abs)        00000
__size_of___awdiv                              (abs)        00000
__size_of___awmod                              (abs)        00000
__size_of___fladd                              (abs)        00000
__size_of___fldiv                              (abs)        00000
__size_of___fleq                               (abs)        00000
__size_of___flge                               (abs)        00000
__size_of___flmul                              (abs)        00000
__size_of___flneg                              (abs)        00000
__size_of___flsub                              (abs)        00000
__size_of___fltol                              (abs)        00000
__size_of___fpclassifyf                        (abs)        00000
__size_of___wmul                               (abs)        00000
__size_of___xxtofl                             (abs)        00000
__size_of_abs                                  (abs)        00000
__size_of_atoi                                 (abs)        00000
__size_of_dtoa                                 (abs)        00000
__size_of_efgtoa                               (abs)        00000
__size_of_floorf                               (abs)        00000
__size_of_fputc                                (abs)        00000
__size_of_fputs                                (abs)        00000
__size_of_isdigit                              (abs)        00000
__size_of_isspace                              (abs)        00000
__size_of_isupper                              (abs)        00000
__size_of_main                                 (abs)        00000
__size_of_pad                                  (abs)        00000
__size_of_putch                                (abs)        00000
__size_of_putstr                               (abs)        00000
__size_of_sprintf                              (abs)        00000
__size_of_strcpy                               (abs)        00000
__size_of_strlen                               (abs)        00000
__size_of_strncmp                              (abs)        00000
__size_of_tolower                              (abs)        00000
__size_of_vfpfcnvrt                            (abs)        00000
__size_of_vfprintf                             (abs)        00000
_abs                                           text28       0276C
_atoi                                          text31       01C7B
_atoi$1060                                     cstackBANK0  00022
_atoi$1061                                     cstackBANK0  00026
_atoi$1062                                     cstackBANK0  00024
_co2_table                                     stringtext1  01000
_dbuf                                          bssBANK4     00220
_dtoa                                          text22       012BD
_dtoa$969                                      cstackBANK0  0003B
_efgtoa                                        text5        00084
_efgtoa$1002                                   cstackBANK1  000AF
_efgtoa$1003                                   cstackBANK1  000B1
_efgtoa$1004                                   cstackBANK1  000B3
_efgtoa$993                                    cstackBANK1  000A9
_efgtoa$994                                    cstackBANK1  000AB
_efgtoa$998                                    cstackBANK1  000AD
_eusartRxLastError                             bssBANK2     0015F
_flags                                         bssBANK2     0015B
_floorf                                        text9        01E14
_fputc                                         text26       019DB
_fputs                                         text25       018B1
_isdigit                                       text33       0273C
_isspace                                       text32       027DF
_isspace$1091                                  cstackCOMMON 00074
_isupper                                       text7        02754
_main                                          maintext     0142D
_nout                                          bssBANK2     00155
_pad                                           text23       01A31
_prec                                          bssBANK2     00159
_putch                                         text27       00004
_putstr                                        text35       0270D
_sprintf                                       text1        018DA
_strcpy                                        text8        01800
_strlen                                        text24       02786
_strncmp                                       text4        01A8A
_tolower                                       text6        01866
_tolower$1155                                  cstackCOMMON 0007C
_vfpfcnvrt                                     text3        00C84
_vfpfcnvrt$1018                                cstackBANK2  00128
_vfpfcnvrt$1019                                cstackBANK2  0012A
_vfpfcnvrt$1024                                cstackBANK2  0012C
_vfprintf                                      text2        01906
_width                                         bssBANK2     00157
abs@a                                          cstackCOMMON 00073
atoi@n                                         cstackBANK0  00027
atoi@neg                                       cstackBANK0  00020
atoi@s                                         cstackCOMMON 00076
btemp                                          (abs)        0007E
clear_ram0                                     clrtext      026D0
dtoa@d                                         cstackBANK0  00030
dtoa@fp                                        cstackBANK0  0003D
dtoa@i                                         cstackBANK0  0004C
dtoa@n                                         cstackBANK0  00044
dtoa@p                                         cstackBANK0  0003E
dtoa@s                                         cstackBANK0  00042
dtoa@w                                         cstackBANK0  00040
efgtoa@c                                       cstackBANK1  000A4
efgtoa@d                                       cstackBANK1  000C1
efgtoa@e                                       cstackBANK1  000DA
efgtoa@f                                       cstackBANK1  000A0
efgtoa@fp                                      cstackBANK1  000C5
efgtoa@g                                       cstackBANK1  000D6
efgtoa@h                                       cstackBANK1  000CC
efgtoa@i                                       cstackBANK1  000D4
efgtoa@l                                       cstackBANK1  000D0
efgtoa@m                                       cstackBANK1  000BB
efgtoa@mode                                    cstackBANK1  000CB
efgtoa@n                                       cstackBANK1  000DC
efgtoa@ne                                      cstackBANK1  000B9
efgtoa@nmode                                   cstackBANK1  000CA
efgtoa@ou                                      cstackBANK1  000BD
efgtoa@p                                       cstackBANK1  000C6
efgtoa@pp                                      cstackBANK1  000B7
efgtoa@sign                                    cstackBANK1  000C3
efgtoa@t                                       cstackBANK1  000B5
efgtoa@u                                       cstackBANK1  000DE
efgtoa@w                                       cstackBANK1  000C8
end_of_initialization                          cinit        007FD
floorf@F527                                    bssBANK2     0014D
floorf@e                                       cstackBANK0  0006A
floorf@m                                       cstackBANK0  00066
floorf@u                                       cstackBANK0  0006C
floorf@x                                       cstackBANK0  0005C
fputc@c                                        cstackCOMMON 00070
fputc@fp                                       cstackCOMMON 00072
fputs@c                                        cstackBANK0  00020
fputs@fp                                       cstackCOMMON 00078
fputs@i                                        cstackBANK0  00021
fputs@s                                        cstackBANK0  00023
intlevel0                                      functab      00000
intlevel1                                      functab      00000
intlevel2                                      functab      00000
intlevel3                                      functab      00000
intlevel4                                      functab      00000
intlevel5                                      functab      00000
isdigit@c                                      cstackCOMMON 00070
isspace@c                                      cstackCOMMON 00070
isupper@c                                      cstackCOMMON 00070
main@btn_cnt                                   cstackBANK3  001C0
main@co2ppm                                    cstackBANK3  001C2
main@fco2v                                     cstackBANK3  001C6
main@ftotal                                    cstackBANK3  001B8
main@i                                         cstackBANK3  001C4
main@n                                         cstackBANK3  001CA
main@s                                         cstackBANK3  001A0
main@tbltop_v                                  cstackBANK3  001B4
main@total                                     cstackBANK3  001BC
pad@buf                                        cstackBANK0  00024
pad@fp                                         cstackBANK0  0002B
pad@i                                          cstackBANK0  00027
pad@p                                          cstackBANK0  00025
pad@w                                          cstackBANK0  00029
putstr@p                                       cstackCOMMON 00071
reset_vec                                      reset_vec    00000
sprintf@ap                                     cstackBANK2  00145
sprintf@f                                      cstackBANK2  00146
sprintf@fmt                                    cstackBANK2  0013A
sprintf@s                                      cstackBANK2  00144
start                                          init         00002
start_initialization                           cinit        007ED
strcpy@d                                       cstackCOMMON 00076
strcpy@dest                                    cstackCOMMON 00077
strcpy@s                                       cstackCOMMON 00074
strcpy@src                                     cstackCOMMON 00070
strlen@a                                       cstackCOMMON 00073
strlen@s                                       cstackCOMMON 00074
strncmp@_l                                     cstackCOMMON 00075
strncmp@_r                                     cstackCOMMON 00070
strncmp@l                                      cstackCOMMON 00078
strncmp@n                                      cstackCOMMON 00072
strncmp@r                                      cstackCOMMON 00076
tolower@c                                      cstackCOMMON 00076
vfpfcnvrt@ap                                   cstackBANK1  000E3
vfpfcnvrt@c                                    cstackBANK2  00135
vfpfcnvrt@ct                                   cstackBANK2  00132
vfpfcnvrt@f                                    cstackBANK2  0012E
vfpfcnvrt@fmt                                  cstackBANK1  000E2
vfpfcnvrt@fp                                   cstackBANK2  00136
vfpfcnvrt@ll                                   cstackBANK2  00120
vfprintf@ap                                    cstackBANK1  000EC
vfprintf@cfmt                                  cstackBANK2  00138
vfprintf@fmt                                   cstackBANK1  000EA
vfprintf@fp                                    cstackBANK2  00137
wtemp0                                         (abs)        0007E


FUNCTION INFORMATION:

 *************** function _main *****************
 Defined at:
		line 109 in file "main.c"
 Parameters:    Size  Location     Type
		None
 Auto vars:     Size  Location     Type
  i               2   36[BANK3 ] int 
  s              20    0[BANK3 ] unsigned char [20]
  fco2v           4   38[BANK3 ] float 
  total           4   28[BANK3 ] long 
  ftotal          4   24[BANK3 ] float 
  n               2   42[BANK3 ] int 
  co2ppm          2   34[BANK3 ] unsigned short 
  tbltop_v        4   20[BANK3 ] float 
  btn_cnt         2   32[BANK3 ] unsigned short 
 Return value:  Size  Location     Type
                  1    wreg      void 
 Registers used:
		wreg, fsr0l, fsr0h, fsr1l, fsr1h, status,2, status,0, pclath, cstack
 Tracked objects:
		On entry : 
		On exit  : 
		Unchanged: 
 Data sizes:     COMMON   BANK0   BANK1   BANK2   BANK3   BANK4   BANK5   BANK6   BANK7   BANK8   BANK9  BANK10  BANK11  BANK12  BANK13  BANK14  BANK15  BANK16  BANK17  BANK18  BANK19  BANK20  BANK21  BANK22  BANK23  BANK24  BANK25
      Params:         0       0       0       0       0       0       0       0       0       0       0       0       0       0       0       0       0       0       0       0       0       0       0       0       0       0       0
      Locals:         0       0       0       0      44       0       0       0       0       0       0       0       0       0       0       0       0       0       0       0       0       0       0       0       0       0       0
      Temps:          0       0       0       2       0       0       0       0       0       0       0       0       0       0       0       0       0       0       0       0       0       0       0       0       0       0       0
      Totals:         0       0       0       2      44       0       0       0       0       0       0       0       0       0       0       0       0       0       0       0       0       0       0       0       0       0       0
Total ram usage:       46 bytes
 Hardware stack levels required when called:    8
 This function calls:
		_ADC_GetConversion
		_SYSTEM_Initialize
		___fladd
		___fldiv
		___flmul
		___flsub
		___fltol
		___xxtofl
		_putstr
		_sprintf
 This function is called by:
		Startup code after reset
 This function uses a non-reentrant model


 *************** function _sprintf *****************
 Defined at:
		line 9 in file "C:\Program Files\Microchip\xc8\v2.31\pic\sources\c99\common\nf_sprintf.c"
 Parameters:    Size  Location     Type
  s               1    wreg     PTR unsigned char 
		 -> main@s(20), 
  fmt             2   26[BANK2 ] PTR const unsigned char 
		 -> STR_2(12), 
 Auto vars:     Size  Location     Type
  s               1   36[BANK2 ] PTR unsigned char 
		 -> main@s(20), 
  f               5   38[BANK2 ] struct _IO_FILE
  ret             2    0        int 
  ap              1   37[BANK2 ] PTR void [1]
		 -> ?_sprintf(2), 
 Return value:  Size  Location     Type
                  2   26[BANK2 ] int 
 Registers used:
		wreg, fsr0l, fsr0h, fsr1l, fsr1h, status,2, status,0, pclath, cstack
 Tracked objects:
		On entry : 
		On exit  : 
		Unchanged: 
[...]
      Params:         0       0       0       0       0       0       0       0       0       0       0       0       0       0       0       0       0       0       0       0       0       0       0       0       0       0       0
      Locals:         0       0       0       0       0       0       0       0       0       0       0       0       0       0       0       0       0       0       0       0       0       0       0       0       0       0       0
      Temps:          0       0       0       0       0       0       0       0       0       0       0       0       0       0       0       0       0       0       0       0       0       0       0       0       0       0       0
      Totals:         0       0       0       0       0       0       0       0       0       0       0       0       0       0       0       0       0       0       0       0       0       0       0       0       0       0       0
Total ram usage:        0 bytes
 Hardware stack levels used:    1
 This function calls:
		Nothing
 This function is called by:
		_SYSTEM_Initialize
 This function uses a non-reentrant model


 *************** function _EUSART_Initialize *****************
 Defined at:
		line 66 in file "mcc_generated_files/eusart.c"
 Parameters:    Size  Location     Type
		None
 Auto vars:     Size  Location     Type
		None
 Return value:  Size  Location     Type
                  1    wreg      void 
 Registers used:
		wreg, status,2, status,0, pclath, cstack
 Tracked objects:
		On entry : 
		On exit  : 
		Unchanged: 
 Data sizes:     COMMON   BANK0   BANK1   BANK2   BANK3   BANK4   BANK5   BANK6   BANK7   BANK8   BANK9  BANK10  BANK11  BANK12  BANK13  BANK14  BANK15  BANK16  BANK17  BANK18  BANK19  BANK20  BANK21  BANK22  BANK23  BANK24  BANK25
      Params:         0       0       0       0       0       0       0       0       0       0       0       0       0       0       0       0       0       0       0       0       0       0       0       0       0       0       0
      Locals:         0       0       0       0       0       0       0       0       0       0       0       0       0       0       0       0       0       0       0       0       0       0       0       0       0       0       0
      Temps:          0       0       0       0       0       0       0       0       0       0       0       0       0       0       0       0       0       0       0       0       0       0       0       0       0       0       0
      Totals:         0       0       0       0       0       0       0       0       0       0       0       0       0       0       0       0       0       0       0       0       0       0       0       0       0       0       0
Total ram usage:        0 bytes
 Hardware stack levels used:    1
 Hardware stack levels required when called:    1
 This function calls:
		_EUSART_SetErrorHandler
		_EUSART_SetFramingErrorHandler
		_EUSART_SetOverrunErrorHandler
 This function is called by:
		_SYSTEM_Initialize
 This function uses a non-reentrant model


 *************** function _EUSART_SetOverrunErrorHandler *****************
 Defined at:
		line 161 in file "mcc_generated_files/eusart.c"
 Parameters:    Size  Location     Type
  interruptHan    2    0[COMMON] PTR FTN()void 
		 -> EUSART_DefaultOverrunErrorHandler(1), 
 Auto vars:     Size  Location     Type
		None
 Return value:  Size  Location     Type
                  1    wreg      void 
 Registers used:
		wreg
 Tracked objects:
		On entry : 
		On exit  : 
		Unchanged: 
 Data sizes:     COMMON   BANK0   BANK1   BANK2   BANK3   BANK4   BANK5   BANK6   BANK7   BANK8   BANK9  BANK10  BANK11  BANK12  BANK13  BANK14  BANK15  BANK16  BANK17  BANK18  BANK19  BANK20  BANK21  BANK22  BANK23  BANK24  BANK25
      Params:         2       0       0       0       0       0       0       0       0       0       0       0       0       0       0       0       0       0       0       0       0       0       0       0       0       0       0
      Locals:         0       0       0       0       0       0       0       0       0       0       0       0       0       0       0       0       0       0       0       0       0       0       0       0       0       0       0
      Temps:          0       0       0       0       0       0       0       0       0       0       0       0       0       0       0       0       0       0       0       0       0       0       0       0       0       0       0
      Totals:         2       0       0       0       0       0       0       0       0       0       0       0       0       0       0       0       0       0       0       0       0       0       0       0       0       0       0
Total ram usage:        2 bytes
 Hardware stack levels used:    1
 This function calls:
		Nothing
 This function is called by:
		_EUSART_Initialize
 This function uses a non-reentrant model


 *************** function _EUSART_SetFramingErrorHandler *****************
 Defined at:
		line 157 in file "mcc_generated_files/eusart.c"
 Parameters:    Size  Location     Type
  interruptHan    2    0[COMMON] PTR FTN()void 
		 -> EUSART_DefaultFramingErrorHandler(1), 
 Auto vars:     Size  Location     Type
		None
 Return value:  Size  Location     Type
                  1    wreg      void 
 Registers used:
		wreg
 Tracked objects:
		On entry : 
		On exit  : 
		Unchanged: 
 Data sizes:     COMMON   BANK0   BANK1   BANK2   BANK3   BANK4   BANK5   BANK6   BANK7   BANK8   BANK9  BANK10  BANK11  BANK12  BANK13  BANK14  BANK15  BANK16  BANK17  BANK18  BANK19  BANK20  BANK21  BANK22  BANK23  BANK24  BANK25
      Params:         2       0       0       0       0       0       0       0       0       0       0       0       0       0       0       0       0       0       0       0       0       0       0       0       0       0       0
      Locals:         0       0       0       0       0       0       0       0       0       0       0       0       0       0       0       0       0       0       0       0       0       0       0       0       0       0       0
      Temps:          0       0       0       0       0       0       0       0       0       0       0       0       0       0       0       0       0       0       0       0       0       0       0       0       0       0       0
      Totals:         2       0       0       0       0       0       0       0       0       0       0       0       0       0       0       0       0       0       0       0       0       0       0       0       0       0       0
Total ram usage:        2 bytes
 Hardware stack levels used:    1
 This function calls:
		Nothing
 This function is called by:
		_EUSART_Initialize
 This function uses a non-reentrant model


 *************** function _EUSART_SetErrorHandler *****************
 Defined at:
		line 165 in file "mcc_generated_files/eusart.c"
 Parameters:    Size  Location     Type
  interruptHan    2    0[COMMON] PTR FTN()void 
		 -> EUSART_DefaultErrorHandler(1), 
 Auto vars:     Size  Location     Type
		None
 Return value:  Size  Location     Type
                  1    wreg      void 
 Registers used:
		wreg
 Tracked objects:
		On entry : 
		On exit  : 
		Unchanged: 
 Data sizes:     COMMON   BANK0   BANK1   BANK2   BANK3   BANK4   BANK5   BANK6   BANK7   BANK8   BANK9  BANK10  BANK11  BANK12  BANK13  BANK14  BANK15  BANK16  BANK17  BANK18  BANK19  BANK20  BANK21  BANK22  BANK23  BANK24  BANK25
      Params:         2       0       0       0       0       0       0       0       0       0       0       0       0       0       0       0       0       0       0       0       0       0       0       0       0       0       0
      Locals:         0       0       0       0       0       0       0       0       0       0       0       0       0       0       0       0       0       0       0       0       0       0       0       0       0       0       0
      Temps:          0       0       0       0       0       0       0       0       0       0       0       0       0       0       0       0       0       0       0       0       0       0       0       0       0       0       0
      Totals:         2       0       0       0       0       0       0       0       0       0       0       0       0       0       0       0       0       0       0       0       0       0       0       0       0       0       0
Total ram usage:        2 bytes
 Hardware stack levels used:    1
 This function calls:
		Nothing
 This function is called by:
		_EUSART_Initialize
 This function uses a non-reentrant model


 *************** function _ADC_Initialize *****************
 Defined at:
		line 67 in file "mcc_generated_files/adc.c"
 Parameters:    Size  Location     Type
		None
 Auto vars:     Size  Location     Type
		None
 Return value:  Size  Location     Type
                  1    wreg      void 
 Registers used:
		wreg, status,2
 Tracked objects:
		On entry : 
		On exit  : 
		Unchanged: 
 Data sizes:     COMMON   BANK0   BANK1   BANK2   BANK3   BANK4   BANK5   BANK6   BANK7   BANK8   BANK9  BANK10  BANK11  BANK12  BANK13  BANK14  BANK15  BANK16  BANK17  BANK18  BANK19  BANK20  BANK21  BANK22  BANK23  BANK24  BANK25
      Params:         0       0       0       0       0       0       0       0       0       0       0       0       0       0       0       0       0       0       0       0       0       0       0       0       0       0       0
      Locals:         0       0       0       0       0       0       0       0       0       0       0       0       0       0       0       0       0       0       0       0       0       0       0       0       0       0       0
      Temps:          0       0       0       0       0       0       0       0       0       0       0       0       0       0       0       0       0       0       0       0       0       0       0       0       0       0       0
      Totals:         0       0       0       0       0       0       0       0       0       0       0       0       0       0       0       0       0       0       0       0       0       0       0       0       0       0       0
Total ram usage:        0 bytes
 Hardware stack levels used:    1
 This function calls:
		Nothing
 This function is called by:
		_SYSTEM_Initialize
 This function uses a non-reentrant model


 *************** function _ADC_GetConversion *****************
 Defined at:
		line 115 in file "mcc_generated_files/adc.c"
 Parameters:    Size  Location     Type
  channel         1    wreg     enum E6327
 Auto vars:     Size  Location     Type
  channel         1    3[COMMON] enum E6327
 Return value:  Size  Location     Type
                  2    0[COMMON] unsigned short 
 Registers used:
		wreg, status,2, status,0
 Tracked objects:
		On entry : 
		On exit  : 
		Unchanged: 
 Data sizes:     COMMON   BANK0   BANK1   BANK2   BANK3   BANK4   BANK5   BANK6   BANK7   BANK8   BANK9  BANK10  BANK11  BANK12  BANK13  BANK14  BANK15  BANK16  BANK17  BANK18  BANK19  BANK20  BANK21  BANK22  BANK23  BANK24  BANK25
      Params:         2       0       0       0       0       0       0       0       0       0       0       0       0       0       0       0       0       0       0       0       0       0       0       0       0       0       0
      Locals:         1       0       0       0       0       0       0       0       0       0       0       0       0       0       0       0       0       0       0       0       0       0       0       0       0       0       0
      Temps:          1       0       0       0       0       0       0       0       0       0       0       0       0       0       0       0       0       0       0       0       0       0       0       0       0       0       0
      Totals:         4       0       0       0       0       0       0       0       0       0       0       0       0       0       0       0       0       0       0       0       0       0       0       0       0       0       0
Total ram usage:        4 bytes
 Hardware stack levels used:    1
 This function calls:
		Nothing
 This function is called by:
		_main
 This function uses a non-reentrant model



MODULE INFORMATION

Module		Function		Class		Link	Load	Size
C:\Program Files\Microchip\xc8\v2.31\pic\sources\c99\common\isdigit.c
		_isdigit       		CODE           	273C	0000	24

C:\Program Files\Microchip\xc8\v2.31\pic\sources\c99\common\isdigit.c estimated size: 24

C:\Program Files\Microchip\xc8\v2.31\pic\sources\c99\common\sprcadd.c
		___flsub       		CODE           	27BF	0000	32
		___fladd       		CODE           	15C1	0000	575

C:\Program Files\Microchip\xc8\v2.31\pic\sources\c99\common\sprcadd.c estimated size: 607

C:\Program Files\Microchip\xc8\v2.31\pic\sources\c99\common\flneg.c
		___flneg       		CODE           	12B2	0000	11

C:\Program Files\Microchip\xc8\v2.31\pic\sources\c99\common\flneg.c estimated size: 11

C:\Program Files\Microchip\xc8\v2.31\pic\sources\c99\common\putch.c
		_putch         		CODE           	0004	0000	1

C:\Program Files\Microchip\xc8\v2.31\pic\sources\c99\common\putch.c estimated size: 1

C:\Program Files\Microchip\xc8\v2.31\pic\sources\c99\common\nf_fputs.c
		_fputs         		CODE           	18B1	0000	41

C:\Program Files\Microchip\xc8\v2.31\pic\sources\c99\common\nf_fputs.c estimated size: 41

C:\Program Files\Microchip\xc8\v2.31\pic\sources\c99\common\xxtofl.c
		___xxtofl      		CODE           	1BCF	0000	172

C:\Program Files\Microchip\xc8\v2.31\pic\sources\c99\common\xxtofl.c estimated size: 172

C:\Program Files\Microchip\xc8\v2.31\pic\sources\c99\common\aomod.c
		___aomod       		CODE           	1D2A	0000	234

C:\Program Files\Microchip\xc8\v2.31\pic\sources\c99\common\aomod.c estimated size: 234

C:\Program Files\Microchip\xc8\v2.31\pic\sources\c99\common\atoi.c
		_atoi          		CODE           	1C7B	0000	175

C:\Program Files\Microchip\xc8\v2.31\pic\sources\c99\common\atoi.c estimated size: 175

C:\Program Files\Microchip\xc8\v2.31\pic\sources\c99\common\fleq.c
		___fleq        		CODE           	193A	0000	78

C:\Program Files\Microchip\xc8\v2.31\pic\sources\c99\common\fleq.c estimated size: 78

C:\Program Files\Microchip\xc8\v2.31\pic\sources\c99\common\abs.c
		_abs           		CODE           	276C	0000	26

C:\Program Files\Microchip\xc8\v2.31\pic\sources\c99\common\abs.c estimated size: 26

C:\Program Files\Microchip\xc8\v2.31\pic\sources\c99\common\strlen.c
		_strlen        		CODE           	2786	0000	26

C:\Program Files\Microchip\xc8\v2.31\pic\sources\c99\common\strlen.c estimated size: 26

C:\Program Files\Microchip\xc8\v2.31\pic\sources\c99\common\floorf.c
		_floorf        		CODE           	1E14	0000	235

C:\Program Files\Microchip\xc8\v2.31\pic\sources\c99\common\floorf.c estimated size: 235

mcc_generated_files/pin_manager.c
		_PIN_MANAGER_Initialize		CODE           	188B	0000	38

mcc_generated_files/pin_manager.c estimated size: 38

C:\Program Files\Microchip\xc8\v2.31\pic\sources\c99\common\strcpy.c
		_strcpy        		CODE           	1800	0000	33

C:\Program Files\Microchip\xc8\v2.31\pic\sources\c99\common\strcpy.c estimated size: 33

C:\Program Files\Microchip\xc8\v2.31\pic\sources\c99\common\awmod.c
		___awmod       		CODE           	1988	0000	83

C:\Program Files\Microchip\xc8\v2.31\pic\sources\c99\common\awmod.c estimated size: 83

mcc_generated_files/adc.c
		_ADC_Initialize		CODE           	26DE	0000	9
		_ADC_GetConversion		CODE           	2724	0000	24

mcc_generated_files/adc.c estimated size: 33

C:\Program Files\Microchip\xc8\v2.31\pic\sources\c99\common\Umul8_16.c
		__Umul8_16     		CODE           	1843	0000	35

C:\Program Files\Microchip\xc8\v2.31\pic\sources\c99\common\Umul8_16.c estimated size: 35

C:\Program Files\Microchip\xc8\v2.31\pic\sources\c99\common\isupper.c
		_isupper       		CODE           	2754	0000	24

C:\Program Files\Microchip\xc8\v2.31\pic\sources\c99\common\isupper.c estimated size: 24

C:\Program Files\Microchip\xc8\v2.31\pic\sources\c99\common\aodiv.c
		___aodiv       		CODE           	1EFF	0000	257

C:\Program Files\Microchip\xc8\v2.31\pic\sources\c99\common\aodiv.c estimated size: 257

C:\Program Files\Microchip\xc8\v2.31\pic\sources\c99\common\nf_fputc.c
		_fputc         		CODE           	19DB	0000	86

C:\Program Files\Microchip\xc8\v2.31\pic\sources\c99\common\nf_fputc.c estimated size: 86

shared
		__initialization		CODE           	07ED	0000	16
		_co2_table     		STRCODE        	1000	0000	690

shared estimated size: 706

mcc_generated_files/mcc.c
		_WDT_Initialize		CODE           	0800	0000	4
		_PMD_Initialize		CODE           	26D6	0000	8
		_OSCILLATOR_Initialize		CODE           	26E7	0000	9
		_SYSTEM_Initialize		CODE           	26FA	0000	19

mcc_generated_files/mcc.c estimated size: 40

C:\Program Files\Microchip\xc8\v2.31\pic\sources\c99\common\tolower.c
		_tolower       		CODE           	1866	0000	37

C:\Program Files\Microchip\xc8\v2.31\pic\sources\c99\common\tolower.c estimated size: 37

C:\Program Files\Microchip\xc8\v2.31\pic\sources\c99\common\sprcmul.c
		___flmul       		CODE           	0A2D	0000	599

C:\Program Files\Microchip\xc8\v2.31\pic\sources\c99\common\sprcmul.c estimated size: 599

C:\Program Files\Microchip\xc8\v2.31\pic\sources\c99\common\awdiv.c
		___awdiv       		CODE           	1AE5	0000	95

C:\Program Files\Microchip\xc8\v2.31\pic\sources\c99\common\awdiv.c estimated size: 95

C:\Program Files\Microchip\xc8\v2.31\pic\sources\c99\common\doprnt.c
		_vfpfcnvrt     		CODE           	0C84	0000	892
		_efgtoa        		CODE           	0084	0000	1897
		_pad           		CODE           	1A31	0000	89
		_dtoa          		CODE           	12BD	0000	368
		_vfprintf      		CODE           	1906	0000	52

C:\Program Files\Microchip\xc8\v2.31\pic\sources\c99\common\doprnt.c estimated size: 3298

C:\Program Files\Microchip\xc8\v2.31\pic\sources\c99\common\sprcdiv.c
		___fldiv       		CODE           	0879	0000	436

C:\Program Files\Microchip\xc8\v2.31\pic\sources\c99\common\sprcdiv.c estimated size: 436

C:\Program Files\Microchip\xc8\v2.31\pic\sources\c99\common\fltol.c
		___fltol       		CODE           	0804	0000	117

C:\Program Files\Microchip\xc8\v2.31\pic\sources\c99\common\fltol.c estimated size: 117

C:\Program Files\Microchip\xc8\v2.31\pic\sources\c99\common\nf_sprintf.c
		_sprintf       		CODE           	18DA	0000	44

C:\Program Files\Microchip\xc8\v2.31\pic\sources\c99\common\nf_sprintf.c estimated size: 44

C:\Program Files\Microchip\xc8\v2.31\pic\sources\c99\common\__fpclassifyf.c
		___fpclassifyf 		CODE           	0005	0000	127

C:\Program Files\Microchip\xc8\v2.31\pic\sources\c99\common\__fpclassifyf.c estimated size: 127

C:\Program Files\Microchip\xc8\v2.31\pic\sources\c99\common\flge.c
		___flge        		CODE           	1B44	0000	139

C:\Program Files\Microchip\xc8\v2.31\pic\sources\c99\common\flge.c estimated size: 139

C:\Program Files\Microchip\xc8\v2.31\pic\sources\c99\common\isspace.c
		_isspace       		CODE           	27DF	0000	33

C:\Program Files\Microchip\xc8\v2.31\pic\sources\c99\common\isspace.c estimated size: 33

C:\Program Files\Microchip\xc8\v2.31\pic\sources\c99\common\Umul16.c
		___wmul        		CODE           	27A0	0000	31

C:\Program Files\Microchip\xc8\v2.31\pic\sources\c99\common\Umul16.c estimated size: 31

mcc_generated_files/eusart.c
		_EUSART_Write  		CODE           	26F0	0000	10
		_EUSART_Initialize		CODE           	1821	0000	34
		_EUSART_SetFramingErrorHandler		CODE           	26C4	0000	6
		_EUSART_SetErrorHandler		CODE           	26BE	0000	6
		_EUSART_SetOverrunErrorHandler		CODE           	26CA	0000	6

mcc_generated_files/eusart.c estimated size: 62

main.c
		_main          		CODE           	142D	0000	404
		_putstr        		CODE           	270D	0000	23

main.c estimated size: 427

C:\Program Files\Microchip\xc8\v2.31\pic\sources\c99\common\strncmp.c
		_strncmp       		CODE           	1A8A	0000	91

C:\Program Files\Microchip\xc8\v2.31\pic\sources\c99\common\strncmp.c estimated size: 91

