Microchip MPLAB XC8 Compiler V2.31

Linker command line:

-W-3 --edf=C:\Program Files\Microchip\xc8\v2.31\pic\dat\en_msgs.txt -cn \
  -h+dist/default/production\MG812MON.X.production.sym \
  --cmf=dist/default/production\MG812MON.X.production.cmf -z -Q16F18326 \
  -oC:\Users\ysuga\AppData\Local\Temp\san8.2 --defsym=__MPLAB_BUILD=1 \
  -Mdist/default/production/MG812MON.X.production.map -E1 -ver=XC8 Compiler \
  --acfsm=1493 -ASTACK=02190h-027EFh -pstack=STACK -ACODE=00h-07FFhx8 \
  -ASTRCODE=00h-03FFFh -ASTRING=00h-0FFhx64 -ACONST=00h-0FFhx64 \
  -AENTRY=00h-0FFhx64 -ACOMMON=070h-07Fh -ABANK0=020h-06Fh \
  -ABANK1=0A0h-0EFh -ABANK2=0120h-016Fh -ABANK3=01A0h-01EFh \
  -ABANK4=0220h-026Fh -ABANK5=02A0h-02EFh -ABANK6=0320h-036Fh \
  -ABANK7=03A0h-03EFh -ABANK8=0420h-046Fh -ABANK9=04A0h-04EFh \
  -ABANK10=0520h-056Fh -ABANK11=05A0h-05EFh -ABANK12=0620h-066Fh \
  -ABANK13=06A0h-06EFh -ABANK14=0720h-076Fh -ABANK15=07A0h-07EFh \
  -ABANK16=0820h-086Fh -ABANK17=08A0h-08EFh -ABANK18=0920h-096Fh \
  -ABANK19=09A0h-09EFh -ABANK20=0A20h-0A6Fh -ABANK21=0AA0h-0AEFh \
  -ABANK22=0B20h-0B6Fh -ABANK23=0BA0h-0BEFh -ABANK24=0C20h-0C6Fh \
  -ABANK25=0CA0h-0CBFh -ABIGRAM=02000h-027EFh \
  -ARAM=020h-06Fh,0A0h-0EFh,0120h-016Fh,01A0h-01EFh,0220h-026Fh,02A0h-02EFh,0320h-036Fh,03A0h-03EFh,0420h-046Fh,04A0h-04EFh,0520h-056Fh,05A0h-05EFh,0620h-066Fh,06A0h-06EFh,0720h-076Fh,07A0h-07EFh,0820h-086Fh,08A0h-08EFh,0920h-096Fh,09A0h-09EFh,0A20h-0A6Fh,0AA0h-0AEFh,0B20h-0B6Fh,0BA0h-0BEFh,0C20h-0C6Fh,0CA0h-0CBFh \
  -AABS1=020h-07Fh,0A0h-0EFh,0120h-016Fh,01A0h-01EFh,0220h-026Fh,02A0h-02EFh,0320h-036Fh,03A0h-03EFh,0420h-046Fh,04A0h-04EFh,0520h-056Fh,05A0h-05EFh,0620h-066Fh,06A0h-06EFh,0720h-076Fh,07A0h-07EFh,0820h-086Fh,08A0h-08EFh,0920h-096Fh,09A0h-09EFh,0A20h-0A6Fh,0AA0h-0AEFh,0B20h-0B6Fh,0BA0h-0BEFh,0C20h-0C6Fh,0CA0h-0CBFh \
  -ASFR0=00h-01Fh -ASFR1=080h-09Fh -ASFR2=0100h-011Fh -ASFR3=0180h-019Fh \
  -ASFR4=0200h-021Fh -ASFR5=0280h-029Fh -ASFR6=0300h-031Fh \
  -ASFR7=0380h-039Fh -ASFR8=0400h-041Fh -ASFR9=0480h-049Fh \
  -ASFR10=0500h-051Fh -ASFR11=0580h-059Fh -ASFR12=0600h-061Fh \
  -ASFR13=0680h-069Fh -ASFR14=0700h-071Fh -ASFR15=0780h-079Fh \
  -ASFR16=0800h-081Fh -ASFR17=0880h-089Fh -ASFR18=0900h-091Fh \
  -ASFR19=0980h-099Fh -ASFR20=0A00h-0A1Fh -ASFR21=0A80h-0A9Fh \
  -ASFR22=0B00h-0B1Fh -ASFR23=0B80h-0B9Fh -ASFR24=0C00h-0C1Fh \
  -ASFR25=0C80h-0C9Fh -ASFR26=0D00h-0D6Fh -ASFR27=0D80h-0DEFh \
  -ASFR28=0E00h-0E6Fh -ASFR29=0E80h-0EEFh -ASFR30=0F00h-0F6Fh \
  -ASFR31=0F80h-0FEFh -ACONFIG=08007h-0800Ah -DCONFIG=2 \
  -AIDLOC=08000h-08003h -DIDLOC=2 -AEEDATA=00h-0FFh/0F000h \
  -peeprom_data=EEDATA -DEEDATA=2 -DCODE=2 -DSTRCODE=2 -DSTRING=2 -DCONST=2 \
  -DENTRY=2 -preset_vec=00h,intentry,init,end_init -ppowerup=CODE \
  -pcinit=CODE -pfunctab=ENTRY -k C:\Users\ysuga\AppData\Local\Temp\san8.o \
  dist/default/production\MG812MON.X.production.o 

Object code version is 3.11

Machine type is 16F18326



                Name                               Link     Load   Length Selector   Space Scale
C:\Users\ysuga\AppData\Local\Temp\san8.o
                end_init                              2        2        2        0       0
                reset_vec                             0        0        2        0       0
                config                             8007     8007        4        0       4
dist/default/production\MG812MON.X.production.o
                cinit                               7ED      7ED       13      FDA       0
                config                             8007     8007        4        0       4
                text48                             271D     271D       18     4E3A       0
                text47                             26CC     26CC        9     4D98       0
                text46                             26B8     26B8        6     4D70       0
                text45                             26BE     26BE        6     4D7C       0
                text44                             1800     1800        6     2C98       0
                text43                             1806     1806       22     300C       0
                text42                             26D5     26D5        9     4DAA       0
                text41                             184B     184B       24     3096       0
                text40                             26C4     26C4        8     4D88       0
                text39                              800      800        4      FDA       0
                text38                             26F3     26F3       13     4DE6       0
                text37                             1BCF     1BCF       AC     379E       0
                text36                             26DE     26DE        A     4DBC       0
                text35                             2706     2706       17     4E0C       0
                text34                             277F     277F       1F     4EFE       0
                text33                             2735     2735       18     4E6A       0
                text32                             27BE     27BE       21     4F7C       0
                text31                             1C7B     1C7B       AF     38F6       0
                text30                             1EFF     1EFF      101     3DFE       0
                text29                             1D2A     1D2A       EA     3A54       0
                text28                             2765     2765       1A     4ECA       0
                text27                                4        4        1        0       0
                text26                             19BB     19BB       56     3376       0
                text25                             1894     1894       29     3128       0
                text24                             132C     132C       1A     2658       0
                text23                             1A11     1A11       59     3422       0
                text22                             14DC     14DC      170     29B8       0
                text21                             1346     1346       5F     268C       0
                text20                             1968     1968       53     32D0       0
                text19                             164C     164C      1B4     2C98       0
                text18                             191A     191A       4E     3234       0
                text17                             1B44     1B44       8B     3688       0
                text16                             1828     1828       23     3050       0
                text15                              A43      A43      257     1486       0
                text14                             26E8     26E8        B     4DD0       0
                text13                              804      804      23F     1008       0
                text12                             279E     279E       20     4F3C       0
                text11                                B        B       75       16       0
                text10                             1AC5     1AC5       7F     358A       0
                text9                              1E14     1E14       EB     3C28       0
                text8                              27DF     27DF       21     4FBE       0
                text7                              274D     274D       18     4E9A       0
                text6                              186F     186F       25     30DE       0
                text5                                80       80      76D      100       0
                text4                              1A6A     1A6A       5B     34D4       0
                text3                               C9A      C9A      366     1934       0
                text2                              18E9     18E9       31     31D2       0
                text1                              18BD     18BD       2C     317A       0
                maintext                           13A5     13A5      137     274A       0
                cstackBANK0                          20       20       50       20       1
                cstackCOMMON                         70       70        E       70       1
                cstackBANK1                          A0       A0       50       A0       1
                cstackBANK2                         120      120       50      120       1
                clrtext                               5        5        6        A       0
                bssBANK4                            220      220       50      220       1
                bssBANK3                            1A0      1A0       13      1A0       1
                stringtext8                        2831     2831        3     5000       0
                stringtext7                        282D     282D        4     5000       0
                stringtext6                        2829     2829        4     5000       0
                stringtext5                        2825     2825        4     5000       0
                stringtext4                        2821     2821        4     5000       0
                stringtext3                        2815     2815        C     5000       0
                stringtext2                        2800     2800       15     5000       0
                nvBANK3                             1B3      1B3        6      1A0       1
                stringtext1                        1000     1000      328     2000       0

TOTAL           Name                               Link     Load   Length     Space
        CLASS   STACK          

        CLASS   CODE           
                end_init                              2        2        2         0
                cinit                               7ED      7ED       13         0
                reset_vec                             0        0        2         0
                text48                             271D     271D       18         0
                text47                             26CC     26CC        9         0
                text46                             26B8     26B8        6         0
                text45                             26BE     26BE        6         0
                text44                             1800     1800        6         0
                text43                             1806     1806       22         0
                text42                             26D5     26D5        9         0
                text41                             184B     184B       24         0
                text40                             26C4     26C4        8         0
                text39                              800      800        4         0
                text38                             26F3     26F3       13         0
                text37                             1BCF     1BCF       AC         0
                text36                             26DE     26DE        A         0
                text35                             2706     2706       17         0
                text34                             277F     277F       1F         0
                text33                             2735     2735       18         0
                text32                             27BE     27BE       21         0
                text31                             1C7B     1C7B       AF         0
                text30                             1EFF     1EFF      101         0
                text29                             1D2A     1D2A       EA         0
                text28                             2765     2765       1A         0
                text27                                4        4        1         0
                text26                             19BB     19BB       56         0
                text25                             1894     1894       29         0
                text24                             132C     132C       1A         0
                text23                             1A11     1A11       59         0
                text22                             14DC     14DC      170         0
                text21                             1346     1346       5F         0
                text20                             1968     1968       53         0
                text19                             164C     164C      1B4         0
                text18                             191A     191A       4E         0
                text17                             1B44     1B44       8B         0
                text16                             1828     1828       23         0
                text15                              A43      A43      257         0
                text14                             26E8     26E8        B         0
                text13                              804      804      23F         0
                text12                             279E     279E       20         0
                text11                                B        B       75         0
                text10                             1AC5     1AC5       7F         0
                text9                              1E14     1E14       EB         0
                text8                              27DF     27DF       21         0
                text7                              274D     274D       18         0
                text6                              186F     186F       25         0
                text5                                80       80      76D         0
                text4                              1A6A     1A6A       5B         0
                text3                               C9A      C9A      366         0
                text2                              18E9     18E9       31         0
                text1                              18BD     18BD       2C         0
                maintext                           13A5     13A5      137         0
                clrtext                               5        5        6         0

        CLASS   STRCODE        
                stringtext8                        2831     2831        3         0
                stringtext7                        282D     282D        4         0
                stringtext6                        2829     2829        4         0
                stringtext5                        2825     2825        4         0
                stringtext4                        2821     2821        4         0
                stringtext3                        2815     2815        C         0
                stringtext2                        2800     2800       15         0
                stringtext1                        1000     1000      328         0

        CLASS   STRING         

        CLASS   CONST          

        CLASS   ENTRY          

        CLASS   COMMON         
                cstackCOMMON                         70       70        E         1

        CLASS   BANK0          
                cstackBANK0                          20       20       50         1

        CLASS   BANK1          
                cstackBANK1                          A0       A0       50         1

        CLASS   BANK2          
                cstackBANK2                         120      120       50         1

        CLASS   BANK3          
                bssBANK3                            1A0      1A0       13         1
                nvBANK3                             1B3      1B3        6         1

        CLASS   BANK4          
                bssBANK4                            220      220       50         1

        CLASS   BANK5          

        CLASS   BANK6          

        CLASS   BANK7          

        CLASS   BANK8          

        CLASS   BANK9          

        CLASS   BANK10         

        CLASS   BANK11         

        CLASS   BANK12         

        CLASS   BANK13         

        CLASS   BANK14         

        CLASS   BANK15         

        CLASS   BANK16         

        CLASS   BANK17         

        CLASS   BANK18         

        CLASS   BANK19         

        CLASS   BANK20         

        CLASS   BANK21         

        CLASS   BANK22         

        CLASS   BANK23         

        CLASS   BANK24         

        CLASS   BANK25         

        CLASS   BIGRAM         

        CLASS   RAM            

        CLASS   ABS1           
                abs_s1                               7E       7E        2         1

        CLASS   SFR0           

        CLASS   SFR1           

        CLASS   SFR2           

        CLASS   SFR3           

        CLASS   SFR4           

        CLASS   SFR5           

        CLASS   SFR6           

        CLASS   SFR7           

        CLASS   SFR8           

        CLASS   SFR9           

        CLASS   SFR10          

        CLASS   SFR11          

        CLASS   SFR12          

        CLASS   SFR13          

        CLASS   SFR14          

        CLASS   SFR15          

        CLASS   SFR16          

        CLASS   SFR17          

        CLASS   SFR18          

        CLASS   SFR19          

        CLASS   SFR20          

        CLASS   SFR21          

        CLASS   SFR22          

        CLASS   SFR23          

        CLASS   SFR24          

        CLASS   SFR25          

        CLASS   SFR26          

        CLASS   SFR27          

        CLASS   SFR28          

        CLASS   SFR29          

        CLASS   SFR30          

        CLASS   SFR31          

        CLASS   CONFIG         
                config                             8007     8007        4         4

        CLASS   IDLOC          

        CLASS   EEDATA         

        CLASS   BANK31         

        CLASS   BANK30         

        CLASS   BANK29         

        CLASS   BANK28         

        CLASS   BANK27         

        CLASS   BANK26         



SEGMENTS        Name                           Load    Length   Top    Selector   Space  Class     Delta

                reset_vec                      000000  000005  000005         0       0  CODE        2
                clrtext                        000005  000006  00000B         A       0  CODE        2
                text11                         00000B  000075  000080        16       0  CODE        2
                cstackBANK0                    000020  000050  000070        20       1  BANK0       1
                cstackCOMMON                   000070  00000E  00007E        70       1  COMMON      1
                cstackBANK1                    0000A0  000050  0000F0        A0       1  BANK1       1
                text5                          000080  00076D  0007ED       100       0  CODE        2
                cstackBANK2                    000120  000050  000170       120       1  BANK2       1
                bssBANK3                       0001A0  000019  0001B9       1A0       1  BANK3       1
                bssBANK4                       000220  000050  000270       220       1  BANK4       1
                cinit                          0007ED  000017  000804       FDA       0  CODE        2
                text13                         000804  00023F  000A43      1008       0  CODE        2
                text15                         000A43  000257  000C9A      1486       0  CODE        2
                text3                          000C9A  000366  001000      1934       0  CODE        2
                stringtext1                    001000  000328  001328      2000       0  STRCODE     2
                text24                         00132C  00001A  001346      2658       0  CODE        2
                text21                         001346  00005F  0013A5      268C       0  CODE        2
                maintext                       0013A5  000137  0014DC      274A       0  CODE        2
                text22                         0014DC  000170  00164C      29B8       0  CODE        2
                text19                         00164C  0001BA  001806      2C98       0  CODE        2
                text43                         001806  000022  001828      300C       0  CODE        2
                text16                         001828  000023  00184B      3050       0  CODE        2
                text41                         00184B  000024  00186F      3096       0  CODE        2
                text6                          00186F  000025  001894      30DE       0  CODE        2
                text25                         001894  000029  0018BD      3128       0  CODE        2
                text1                          0018BD  00002C  0018E9      317A       0  CODE        2
                text2                          0018E9  000031  00191A      31D2       0  CODE        2
                text18                         00191A  00004E  001968      3234       0  CODE        2
                text20                         001968  000053  0019BB      32D0       0  CODE        2
                text26                         0019BB  000056  001A11      3376       0  CODE        2
                text23                         001A11  000059  001A6A      3422       0  CODE        2
                text4                          001A6A  00005B  001AC5      34D4       0  CODE        2
                text10                         001AC5  00007F  001B44      358A       0  CODE        2
                text17                         001B44  00008B  001BCF      3688       0  CODE        2
                text37                         001BCF  0000AC  001C7B      379E       0  CODE        2
                text31                         001C7B  0000AF  001D2A      38F6       0  CODE        2
                text29                         001D2A  0000EA  001E14      3A54       0  CODE        2
                text9                          001E14  0000EB  001EFF      3C28       0  CODE        2
                text30                         001EFF  000101  002000      3DFE       0  CODE        2
                text46                         0026B8  000006  0026BE      4D70       0  CODE        2
                text45                         0026BE  000006  0026C4      4D7C       0  CODE        2
                text40                         0026C4  000008  0026CC      4D88       0  CODE        2
                text47                         0026CC  000009  0026D5      4D98       0  CODE        2
                text42                         0026D5  000009  0026DE      4DAA       0  CODE        2
                text36                         0026DE  00000A  0026E8      4DBC       0  CODE        2
                text14                         0026E8  00000B  0026F3      4DD0       0  CODE        2
                text38                         0026F3  000013  002706      4DE6       0  CODE        2
                text35                         002706  000017  00271D      4E0C       0  CODE        2
                text48                         00271D  000018  002735      4E3A       0  CODE        2
                text33                         002735  000018  00274D      4E6A       0  CODE        2
                text7                          00274D  000018  002765      4E9A       0  CODE        2
                text28                         002765  00001A  00277F      4ECA       0  CODE        2
                text34                         00277F  00001F  00279E      4EFE       0  CODE        2
                text12                         00279E  000020  0027BE      4F3C       0  CODE        2
                text32                         0027BE  000021  0027DF      4F7C       0  CODE        2
                text8                          0027DF  000021  002800      4FBE       0  CODE        2
                stringtext2                    002800  000034  002834      5000       0  STRCODE     2


UNUSED ADDRESS RANGES

        Name                Unused          Largest block    Delta
        BANK10           00520-0056F              50           1
        BANK11           005A0-005EF              50           1
        BANK12           00620-0066F              50           1
        BANK13           006A0-006EF              50           1
        BANK14           00720-0076F              50           1
        BANK15           007A0-007EF              50           1
        BANK16           00820-0086F              50           1
        BANK17           008A0-008EF              50           1
        BANK18           00920-0096F              50           1
        BANK19           009A0-009EF              50           1
        BANK20           00A20-00A6F              50           1
        BANK21           00AA0-00AEF              50           1
        BANK22           00B20-00B6F              50           1
        BANK23           00BA0-00BEF              50           1
        BANK24           00C20-00C6F              50           1
        BANK25           00CA0-00CBF              20           1
        BANK3            001B9-001EF              37           1
        BANK5            002A0-002EF              50           1
        BANK6            00320-0036F              50           1
        BANK7            003A0-003EF              50           1
        BANK8            00420-0046F              50           1
        BANK9            004A0-004EF              50           1
        BIGRAM           02000-027EF             7F0           1
        CODE             01328-0132B               4           2
                         02000-026B7             6B8
                         02834-03FFF             800
        CONST            01328-0132B               4           2
                         02000-026B7             100
                         02834-03FFF             100
        EEDATA           0F000-0F0FF             100           2
        ENTRY            01328-0132B               4           2
                         02000-026B7             100
                         02834-03FFF             100
        IDLOC            08000-08003               4           2
        RAM              001B9-001EF              37           1
                         002A0-002EF              50
                         00320-0036F              50
                         003A0-003EF              50
                         00420-0046F              50
                         004A0-004EF              50
                         00520-0056F              50
                         005A0-005EF              50
                         00620-0066F              50
                         006A0-006EF              50
                         00720-0076F              50
                         007A0-007EF              50
                         00820-0086F              50
                         008A0-008EF              50
                         00920-0096F              50
                         009A0-009EF              50
                         00A20-00A6F              50
                         00AA0-00AEF              50
                         00B20-00B6F              50
                         00BA0-00BEF              50
                         00C20-00C6F              50
                         00CA0-00CBF              20
        SFR0             00000-0001F              20           1
        SFR1             00080-0009F              20           1
        SFR10            00500-0051F              20           1
        SFR11            00580-0059F              20           1
        SFR12            00600-0061F              20           1
        SFR13            00680-0069F              20           1
        SFR14            00700-0071F              20           1
        SFR15            00780-0079F              20           1
        SFR16            00800-0081F              20           1
        SFR17            00880-0089F              20           1
        SFR18            00900-0091F              20           1
        SFR19            00980-0099F              20           1
        SFR2             00100-0011F              20           1
        SFR20            00A00-00A1F              20           1
        SFR21            00A80-00A9F              20           1
        SFR22            00B00-00B1F              20           1
        SFR23            00B80-00B9F              20           1
        SFR24            00C00-00C1F              20           1
        SFR25            00C80-00C9F              20           1
        SFR26            00D00-00D6F              70           1
        SFR27            00D80-00DEF              70           1
        SFR28            00E00-00E6F              70           1
        SFR29            00E80-00EEF              70           1
        SFR3             00180-0019F              20           1
        SFR30            00F00-00F6F              70           1
        SFR31            00F80-00FEF              70           1
        SFR4             00200-0021F              20           1
        SFR5             00280-0029F              20           1
        SFR6             00300-0031F              20           1
        SFR7             00380-0039F              20           1
        SFR8             00400-0041F              20           1
        SFR9             00480-0049F              20           1
        STACK            02190-027EF             660           1
        STRCODE          01328-0132B               4           2
                         02000-026B7             6B8
                         02834-03FFF            17CC
        STRING           01328-0132B               4           2
                         02000-026B7             100
                         02834-03FFF             100

                                  Symbol Table

?_ADC_GetConversion                            cstackCOMMON 00070
?__Umul8_16                                    cstackCOMMON 00070
?___aodiv                                      cstackBANK0  00020
?___aomod                                      cstackBANK0  00020
?___awdiv                                      cstackCOMMON 00070
?___awmod                                      cstackCOMMON 00070
?___fladd                                      cstackCOMMON 00070
?___fldiv                                      cstackBANK0  0003D
?___flmul                                      cstackBANK0  00020
?___flneg                                      cstackCOMMON 00070
?___flsub                                      cstackBANK0  00035
?___fltol                                      cstackBANK0  00057
?___fpclassifyf                                cstackCOMMON 00070
?___wmul                                       cstackCOMMON 00070
?___xxtofl                                     cstackCOMMON 00070
?_abs                                          cstackCOMMON 00073
?_atoi                                         cstackCOMMON 00076
?_dtoa                                         cstackBANK0  00030
?_efgtoa                                       cstackBANK0  0006B
?_floorf                                       cstackBANK0  00057
?_isdigit                                      cstackCOMMON 00070
?_isspace                                      cstackCOMMON 00070
?_isupper                                      cstackCOMMON 00070
?_pad                                          cstackBANK0  00024
?_sprintf                                      cstackBANK2  00137
?_strlen                                       cstackCOMMON 00070
?_strncmp                                      cstackCOMMON 00070
?_tolower                                      cstackCOMMON 00076
?_vfpfcnvrt                                    cstackBANK1  000DD
?_vfprintf                                     cstackBANK1  000E5
ADC_GetConversion@channel                      cstackCOMMON 00073
EUSART_SetErrorHandler@interruptHandler        cstackCOMMON 00070
EUSART_SetFramingErrorHandler@interruptHandler cstackCOMMON 00070
EUSART_SetOverrunErrorHandler@interruptHandler cstackCOMMON 00070
EUSART_Write@txData                            cstackCOMMON 00070
_ADACT                                         (abs)        0009F
_ADCON0                                        (abs)        0009D
_ADCON0bits                                    (abs)        0009D
_ADCON1                                        (abs)        0009E
_ADC_GetConversion                             text48       0271D
_ADC_Initialize                                text47       026CC
_ADRESH                                        (abs)        0009C
_ADRESL                                        (abs)        0009B
_ANSELA                                        (abs)        0018C
_ANSELC                                        (abs)        0018E
_BAUD1CON                                      (abs)        0019F
_EUSART_DefaultErrorHandler                    (abs)        00000
_EUSART_DefaultFramingErrorHandler             (abs)        00000
_EUSART_DefaultOverrunErrorHandler             (abs)        00000
_EUSART_ErrorHandler                           nvBANK3      001B3
_EUSART_FramingErrorHandler                    nvBANK3      001B7
_EUSART_Initialize                             text43       01806
_EUSART_OverrunErrorHandler                    nvBANK3      001B5
_EUSART_SetErrorHandler                        text46       026B8
_EUSART_SetFramingErrorHandler                 text45       026BE
_EUSART_SetOverrunErrorHandler                 text44       01800
_EUSART_Write                                  text36       026DE
_INLVLA                                        (abs)        0038C
_INLVLC                                        (abs)        0038E
_LATA                                          (abs)        0010C
_LATC                                          (abs)        0010E
_ODCONA                                        (abs)        0028C
_ODCONC                                        (abs)        0028E
_OSCCON1                                       (abs)        00919
_OSCCON3                                       (abs)        0091B
_OSCEN                                         (abs)        0091D
_OSCFRQ                                        (abs)        0091F
_OSCILLATOR_Initialize                         text42       026D5
_OSCTUNE                                       (abs)        0091E
_PIN_MANAGER_Initialize                        text41       0184B
_PIR1bits                                      (abs)        00011
_PMD0                                          (abs)        00911
_PMD1                                          (abs)        00912
_PMD2                                          (abs)        00913
_PMD3                                          (abs)        00914
_PMD4                                          (abs)        00915
_PMD5                                          (abs)        00916
_PMD_Initialize                                text40       026C4
_RC1REG                                        (abs)        00199
_RC1STA                                        (abs)        0019D
_RC1STAbits                                    (abs)        0019D
_RC4PPS                                        (abs)        00EA4
_RXPPS                                         (abs)        00E24
_SLRCONA                                       (abs)        0030C
_SLRCONC                                       (abs)        0030E
_SP1BRGH                                       (abs)        0019C
_SP1BRGL                                       (abs)        0019B
_SYSTEM_Initialize                             text38       026F3
_TRISA                                         (abs)        0008C
_TRISC                                         (abs)        0008E
_TX1REG                                        (abs)        0019A
_TX1STA                                        (abs)        0019E
_TX1STAbits                                    (abs)        0019E
_WDTCON                                        (abs)        00097
_WDT_Initialize                                text39       00800
_WPUA                                          (abs)        0020C
_WPUC                                          (abs)        0020E
__Habs1                                        abs1         00000
__Hbank0                                       bank0        00000
__Hbank1                                       bank1        00000
__Hbank10                                      bank10       00000
__Hbank11                                      bank11       00000
__Hbank12                                      bank12       00000
__Hbank13                                      bank13       00000
__Hbank14                                      bank14       00000
__Hbank15                                      bank15       00000
__Hbank16                                      bank16       00000
__Hbank17                                      bank17       00000
__Hbank18                                      bank18       00000
__Hbank19                                      bank19       00000
__Hbank2                                       bank2        00000
__Hbank20                                      bank20       00000
__Hbank21                                      bank21       00000
__Hbank22                                      bank22       00000
__Hbank23                                      bank23       00000
__Hbank24                                      bank24       00000
__Hbank25                                      bank25       00000
__Hbank26                                      bank26       00000
__Hbank27                                      bank27       00000
__Hbank28                                      bank28       00000
__Hbank29                                      bank29       00000
__Hbank3                                       bank3        00000
__Hbank30                                      bank30       00000
__Hbank31                                      bank31       00000
__Hbank4                                       bank4        00000
__Hbank5                                       bank5        00000
__Hbank6                                       bank6        00000
__Hbank7                                       bank7        00000
__Hbank8                                       bank8        00000
__Hbank9                                       bank9        00000
__Hbigram                                      bigram       00000
__HbssBANK3                                    bssBANK3     00000
__HbssBANK4                                    bssBANK4     00000
__Hcinit                                       cinit        00800
__Hclrtext                                     clrtext      00000
__Hcode                                        code         00000
__Hcommon                                      common       00000
__Hconfig                                      config       0800B
__HcstackBANK0                                 cstackBANK0  00000
__HcstackBANK1                                 cstackBANK1  00000
__HcstackBANK2                                 cstackBANK2  00000
__HcstackCOMMON                                cstackCOMMON 00000
__Heeprom_data                                 eeprom_data  00000
__Hend_init                                    end_init     00004
__Hfunctab                                     functab      00000
__Hinit                                        init         00002
__Hintentry                                    intentry     00002
__Hmaintext                                    maintext     00000
__HnvBANK3                                     nvBANK3      00000
__Hpowerup                                     powerup      00000
__Hram                                         ram          00000
__Hreset_vec                                   reset_vec    00002
__Hsfr0                                        sfr0         00000
__Hsfr1                                        sfr1         00000
__Hsfr10                                       sfr10        00000
__Hsfr11                                       sfr11        00000
__Hsfr12                                       sfr12        00000
__Hsfr13                                       sfr13        00000
__Hsfr14                                       sfr14        00000
__Hsfr15                                       sfr15        00000
__Hsfr16                                       sfr16        00000
__Hsfr17                                       sfr17        00000
__Hsfr18                                       sfr18        00000
__Hsfr19                                       sfr19        00000
__Hsfr2                                        sfr2         00000
__Hsfr20                                       sfr20        00000
__Hsfr21                                       sfr21        00000
__Hsfr22                                       sfr22        00000
__Hsfr23                                       sfr23        00000
__Hsfr24                                       sfr24        00000
__Hsfr25                                       sfr25        00000
__Hsfr26                                       sfr26        00000
__Hsfr27                                       sfr27        00000
__Hsfr28                                       sfr28        00000
__Hsfr29                                       sfr29        00000
__Hsfr3                                        sfr3         00000
__Hsfr30                                       sfr30        00000
__Hsfr31                                       sfr31        00000
__Hsfr4                                        sfr4         00000
__Hsfr5                                        sfr5         00000
__Hsfr6                                        sfr6         00000
__Hsfr7                                        sfr7         00000
__Hsfr8                                        sfr8         00000
__Hsfr9                                        sfr9         00000
__Hspace_0                                     (abs)        02834
__Hspace_1                                     (abs)        00270
__Hspace_2                                     (abs)        00000
__Hspace_3                                     (abs)        00000
__Hspace_4                                     (abs)        10012
__Hstack                                       stack        00000
__Hstrings                                     strings      00000
__Hstringtext1                                 stringtext1  00000
__Hstringtext2                                 stringtext2  00000
__Hstringtext3                                 stringtext3  00000
__Hstringtext4                                 stringtext4  00000
__Hstringtext5                                 stringtext5  00000
__Hstringtext6                                 stringtext6  00000
__Hstringtext7                                 stringtext7  00000
__Hstringtext8                                 stringtext8  00000
__Hstringtext9                                 stringtext9  00000
__Htext                                        text         00000
__Labs1                                        abs1         00000
__Lbank0                                       bank0        00000
__Lbank1                                       bank1        00000
__Lbank10                                      bank10       00000
__Lbank11                                      bank11       00000
__Lbank12                                      bank12       00000
__Lbank13                                      bank13       00000
__Lbank14                                      bank14       00000
__Lbank15                                      bank15       00000
__Lbank16                                      bank16       00000
__Lbank17                                      bank17       00000
__Lbank18                                      bank18       00000
__Lbank19                                      bank19       00000
__Lbank2                                       bank2        00000
__Lbank20                                      bank20       00000
__Lbank21                                      bank21       00000
__Lbank22                                      bank22       00000
__Lbank23                                      bank23       00000
__Lbank24                                      bank24       00000
__Lbank25                                      bank25       00000
__Lbank26                                      bank26       00000
__Lbank27                                      bank27       00000
__Lbank28                                      bank28       00000
__Lbank29                                      bank29       00000
__Lbank3                                       bank3        00000
__Lbank30                                      bank30       00000
__Lbank31                                      bank31       00000
__Lbank4                                       bank4        00000
__Lbank5                                       bank5        00000
__Lbank6                                       bank6        00000
__Lbank7                                       bank7        00000
__Lbank8                                       bank8        00000
__Lbank9                                       bank9        00000
__Lbigram                                      bigram       00000
__LbssBANK3                                    bssBANK3     00000
__LbssBANK4                                    bssBANK4     00000
__Lcinit                                       cinit        007ED
__Lclrtext                                     clrtext      00000
__Lcode                                        code         00000
__Lcommon                                      common       00000
__Lconfig                                      config       00000
__LcstackBANK0                                 cstackBANK0  00000
__LcstackBANK1                                 cstackBANK1  00000
__LcstackBANK2                                 cstackBANK2  00000
__LcstackCOMMON                                cstackCOMMON 00000
__Leeprom_data                                 eeprom_data  00000
__Lend_init                                    end_init     00002
__Lfunctab                                     functab      00000
__Linit                                        init         00002
__Lintentry                                    intentry     00002
__Lmaintext                                    maintext     00000
__LnvBANK3                                     nvBANK3      00000
__Lpowerup                                     powerup      00000
__Lram                                         ram          00000
__Lreset_vec                                   reset_vec    00000
__Lsfr0                                        sfr0         00000
__Lsfr1                                        sfr1         00000
__Lsfr10                                       sfr10        00000
__Lsfr11                                       sfr11        00000
__Lsfr12                                       sfr12        00000
__Lsfr13                                       sfr13        00000
__Lsfr14                                       sfr14        00000
__Lsfr15                                       sfr15        00000
__Lsfr16                                       sfr16        00000
__Lsfr17                                       sfr17        00000
__Lsfr18                                       sfr18        00000
__Lsfr19                                       sfr19        00000
__Lsfr2                                        sfr2         00000
__Lsfr20                                       sfr20        00000
__Lsfr21                                       sfr21        00000
__Lsfr22                                       sfr22        00000
__Lsfr23                                       sfr23        00000
__Lsfr24                                       sfr24        00000
__Lsfr25                                       sfr25        00000
__Lsfr26                                       sfr26        00000
__Lsfr27                                       sfr27        00000
__Lsfr28                                       sfr28        00000
__Lsfr29                                       sfr29        00000
__Lsfr3                                        sfr3         00000
__Lsfr30                                       sfr30        00000
__Lsfr31                                       sfr31        00000
__Lsfr4                                        sfr4         00000
__Lsfr5                                        sfr5         00000
__Lsfr6                                        sfr6         00000
__Lsfr7                                        sfr7         00000
__Lsfr8                                        sfr8         00000
__Lsfr9                                        sfr9         00000
__Lspace_0                                     (abs)        00000
__Lspace_1                                     (abs)        00000
__Lspace_2                                     (abs)        00000
__Lspace_3                                     (abs)        00000
__Lspace_4                                     (abs)        00000
__Lstack                                       stack        00000
__Lstrings                                     strings      00000
__Lstringtext1                                 stringtext1  00000
__Lstringtext2                                 stringtext2  00000
__Lstringtext3                                 stringtext3  00000
__Lstringtext4                                 stringtext4  00000
__Lstringtext5                                 stringtext5  00000
__Lstringtext6                                 stringtext6  00000
__Lstringtext7                                 stringtext7  00000
__Lstringtext8                                 stringtext8  00000
__Lstringtext9                                 stringtext9  00000
__Ltext                                        text         00000
__S0                                           (abs)        02834
__S1                                           (abs)        00270
__S2                                           (abs)        00000
__S3                                           (abs)        00000
__Umul8_16                                     text16       01828
__Umul8_16@multiplicand                        cstackCOMMON 00070
__Umul8_16@multiplier                          cstackCOMMON 00078
__Umul8_16@product                             cstackCOMMON 00074
__Umul8_16@word_mpld                           cstackCOMMON 00076
___aodiv                                       text30       01EFF
___aodiv@counter                               cstackCOMMON 00071
___aodiv@dividend                              cstackBANK0  00028
___aodiv@divisor                               cstackBANK0  00020
___aodiv@quotient                              cstackCOMMON 00073
___aodiv@sign                                  cstackCOMMON 00072
___aomod                                       text29       01D2A
___aomod@counter                               cstackCOMMON 00071
___aomod@dividend                              cstackBANK0  00028
___aomod@divisor                               cstackBANK0  00020
___aomod@sign                                  cstackCOMMON 00072
___awdiv                                       text21       01346
___awdiv@counter                               cstackCOMMON 00075
___awdiv@dividend                              cstackCOMMON 00072
___awdiv@divisor                               cstackCOMMON 00070
___awdiv@quotient                              cstackCOMMON 00077
___awdiv@sign                                  cstackCOMMON 00076
___awmod                                       text20       01968
___awmod@counter                               cstackCOMMON 00075
___awmod@dividend                              cstackCOMMON 00072
___awmod@divisor                               cstackCOMMON 00070
___awmod@sign                                  cstackCOMMON 00076
___fladd                                       text13       00804
___fladd@a                                     cstackCOMMON 00074
___fladd@aexp                                  cstackCOMMON 00079
___fladd@b                                     cstackCOMMON 00070
___fladd@bexp                                  cstackCOMMON 0007A
___fladd@grs                                   cstackCOMMON 0007B
___fladd@signs                                 cstackCOMMON 00078
___fldiv                                       text19       0164C
___fldiv@a                                     cstackBANK0  0003D
___fldiv@aexp                                  cstackBANK0  00056
___fldiv@b                                     cstackBANK0  00041
___fldiv@bexp                                  cstackBANK0  00055
___fldiv@grs                                   cstackBANK0  00051
___fldiv@new_exp                               cstackBANK0  0004F
___fldiv@rem                                   cstackBANK0  0004A
___fldiv@sign                                  cstackBANK0  0004E
___fleq                                        text18       0191A
___fleq@ff1                                    cstackCOMMON 00070
___fleq@ff2                                    cstackCOMMON 00074
___flge                                        text17       01B44
___flge@ff1                                    cstackBANK0  00035
___flge@ff2                                    cstackBANK0  00039
___flmul                                       text15       00A43
___flmul@a                                     cstackBANK0  00024
___flmul@aexp                                  cstackBANK0  0002D
___flmul@b                                     cstackBANK0  00020
___flmul@bexp                                  cstackBANK0  0002E
___flmul@grs                                   cstackBANK0  00029
___flmul@prod                                  cstackBANK0  0002F
___flmul@sign                                  cstackBANK0  00028
___flmul@temp                                  cstackBANK0  00033
___flneg                                       text14       026E8
___flneg@f1                                    cstackCOMMON 00070
___flsub                                       text12       0279E
___flsub@a                                     cstackBANK0  00035
___flsub@b                                     cstackBANK0  00039
___fltol                                       text11       0000B
___fltol@exp1                                  cstackBANK0  00061
___fltol@f1                                    cstackBANK0  00057
___fltol@sign1                                 cstackBANK0  00060
___fpclassifyf                                 text10       01AC5
___fpclassifyf@F465                            bssBANK3     001A4
___fpclassifyf@e                               cstackBANK0  00020
___fpclassifyf@u                               cstackBANK0  00022
___fpclassifyf@x                               cstackCOMMON 00070
___int_sp                                      stack        00000
___latbits                                     (abs)        00003
___sp                                          stack        00000
___stackhi                                     (abs)        027EF
___stacklo                                     (abs)        02190
___wmul                                        text34       0277F
___wmul@multiplicand                           cstackCOMMON 00072
___wmul@multiplier                             cstackCOMMON 00070
___wmul@product                                cstackCOMMON 00074
___xxtofl                                      text37       01BCF
___xxtofl@arg                                  cstackCOMMON 0007A
___xxtofl@exp                                  cstackCOMMON 00079
___xxtofl@sign                                 cstackCOMMON 00078
___xxtofl@val                                  cstackCOMMON 00070
__end_of_ADC_GetConversion                     text48       02735
__end_of_ADC_Initialize                        text47       026D5
__end_of_EUSART_Initialize                     text43       01828
__end_of_EUSART_SetErrorHandler                text46       026BE
__end_of_EUSART_SetFramingErrorHandler         text45       026C4
__end_of_EUSART_SetOverrunErrorHandler         text44       01806
__end_of_EUSART_Write                          text36       026E8
__end_of_OSCILLATOR_Initialize                 text42       026DE
__end_of_PIN_MANAGER_Initialize                text41       0186F
__end_of_PMD_Initialize                        text40       026CC
__end_of_SYSTEM_Initialize                     text38       02706
__end_of_WDT_Initialize                        text39       00804
__end_of__Umul8_16                             text16       0184B
__end_of___aodiv                               text30       02000
__end_of___aomod                               text29       01E14
__end_of___awdiv                               text21       013A5
__end_of___awmod                               text20       019BB
__end_of___fladd                               text13       00A43
__end_of___fldiv                               text19       01800
__end_of___fleq                                text18       01968
__end_of___flge                                text17       01BCF
__end_of___flmul                               text15       00C9A
__end_of___flneg                               text14       026F3
__end_of___flsub                               text12       027BE
__end_of___fltol                               text11       00080
__end_of___fpclassifyf                         text10       01B44
__end_of___wmul                                text34       0279E
__end_of___xxtofl                              text37       01C7B
__end_of__initialization                       cinit        007FD
__end_of_abs                                   text28       0277F
__end_of_atoi                                  text31       01D2A
__end_of_co2_table                             stringtext1  01328
__end_of_dtoa                                  text22       0164C
__end_of_efgtoa                                text5        007ED
__end_of_floorf                                text9        01EFF
__end_of_fputc                                 text26       01A11
__end_of_fputs                                 text25       018BD
__end_of_isdigit                               text33       0274D
__end_of_isspace                               text32       027DF
__end_of_isupper                               text7        02765
__end_of_main                                  maintext     014DC
__end_of_pad                                   text23       01A6A
__end_of_putch                                 text27       00005
__end_of_putstr                                text35       0271D
__end_of_sprintf                               text1        018E9
__end_of_strcpy                                text8        02800
__end_of_strlen                                text24       01346
__end_of_strncmp                               text4        01AC5
__end_of_tolower                               text6        01894
__end_of_vfpfcnvrt                             text3        01000
__end_of_vfprintf                              text2        0191A
__initialization                               cinit        007ED
__pbssBANK3                                    bssBANK3     001A0
__pbssBANK4                                    bssBANK4     00220
__pcstackBANK0                                 cstackBANK0  00020
__pcstackBANK1                                 cstackBANK1  000A0
__pcstackBANK2                                 cstackBANK2  00120
__pcstackCOMMON                                cstackCOMMON 00070
__pmaintext                                    maintext     013A5
__pnvBANK3                                     nvBANK3      001B3
__pstringtext1                                 stringtext1  01000
__pstringtext2                                 stringtext2  02800
__pstringtext3                                 stringtext3  02815
__pstringtext4                                 stringtext4  02821
__pstringtext5                                 stringtext5  02825
__pstringtext6                                 stringtext6  02829
__pstringtext7                                 stringtext7  0282D
__pstringtext8                                 stringtext8  02831
__pstringtext9                                 stringtext9  00000
__ptext1                                       text1        018BD
__ptext10                                      text10       01AC5
__ptext11                                      text11       0000B
__ptext12                                      text12       0279E
__ptext13                                      text13       00804
__ptext14                                      text14       026E8
__ptext15                                      text15       00A43
__ptext16                                      text16       01828
__ptext17                                      text17       01B44
__ptext18                                      text18       0191A
__ptext19                                      text19       0164C
__ptext2                                       text2        018E9
__ptext20                                      text20       01968
__ptext21                                      text21       01346
__ptext22                                      text22       014DC
__ptext23                                      text23       01A11
__ptext24                                      text24       0132C
__ptext25                                      text25       01894
__ptext26                                      text26       019BB
__ptext27                                      text27       00004
__ptext28                                      text28       02765
__ptext29                                      text29       01D2A
__ptext3                                       text3        00C9A
__ptext30                                      text30       01EFF
__ptext31                                      text31       01C7B
__ptext32                                      text32       027BE
__ptext33                                      text33       02735
__ptext34                                      text34       0277F
__ptext35                                      text35       02706
__ptext36                                      text36       026DE
__ptext37                                      text37       01BCF
__ptext38                                      text38       026F3
__ptext39                                      text39       00800
__ptext4                                       text4        01A6A
__ptext40                                      text40       026C4
__ptext41                                      text41       0184B
__ptext42                                      text42       026D5
__ptext43                                      text43       01806
__ptext44                                      text44       01800
__ptext45                                      text45       026BE
__ptext46                                      text46       026B8
__ptext47                                      text47       026CC
__ptext48                                      text48       0271D
__ptext5                                       text5        00080
__ptext6                                       text6        0186F
__ptext7                                       text7        0274D
__ptext8                                       text8        027DF
__ptext9                                       text9        01E14
__size_of_ADC_GetConversion                    (abs)        00000
__size_of_ADC_Initialize                       (abs)        00000
__size_of_EUSART_Initialize                    (abs)        00000
__size_of_EUSART_SetErrorHandler               (abs)        00000
__size_of_EUSART_SetFramingErrorHandler        (abs)        00000
__size_of_EUSART_SetOverrunErrorHandler        (abs)        00000
__size_of_EUSART_Write                         (abs)        00000
__size_of_OSCILLATOR_Initialize                (abs)        00000
__size_of_PIN_MANAGER_Initialize               (abs)        00000
__size_of_PMD_Initialize                       (abs)        00000
__size_of_SYSTEM_Initialize                    (abs)        00000
__size_of_WDT_Initialize                       (abs)        00000
__size_of__Umul8_16                            (abs)        00000
__size_of___aodiv                              (abs)        00000
__size_of___aomod                              (abs)        00000
__size_of___awdiv                              (abs)        00000
__size_of___awmod                              (abs)        00000
__size_of___fladd                              (abs)        00000
__size_of___fldiv                              (abs)        00000
__size_of___fleq                               (abs)        00000
__size_of___flge                               (abs)        00000
__size_of___flmul                              (abs)        00000
__size_of___flneg                              (abs)        00000
__size_of___flsub                              (abs)        00000
__size_of___fltol                              (abs)        00000
__size_of___fpclassifyf                        (abs)        00000
__size_of___wmul                               (abs)        00000
__size_of___xxtofl                             (abs)        00000
__size_of_abs                                  (abs)        00000
__size_of_atoi                                 (abs)        00000
__size_of_dtoa                                 (abs)        00000
__size_of_efgtoa                               (abs)        00000
__size_of_floorf                               (abs)        00000
__size_of_fputc                                (abs)        00000
__size_of_fputs                                (abs)        00000
__size_of_isdigit                              (abs)        00000
__size_of_isspace                              (abs)        00000
__size_of_isupper                              (abs)        00000
__size_of_main                                 (abs)        00000
__size_of_pad                                  (abs)        00000
__size_of_putch                                (abs)        00000
__size_of_putstr                               (abs)        00000
__size_of_sprintf                              (abs)        00000
__size_of_strcpy                               (abs)        00000
__size_of_strlen                               (abs)        00000
__size_of_strncmp                              (abs)        00000
__size_of_tolower                              (abs)        00000
__size_of_vfpfcnvrt                            (abs)        00000
__size_of_vfprintf                             (abs)        00000
_abs                                           text28       02765
_atoi                                          text31       01C7B
_atoi$1013                                     cstackBANK0  00022
_atoi$1014                                     cstackBANK0  00026
_atoi$1015                                     cstackBANK0  00024
_co2_table                                     stringtext1  01000
_dbuf                                          bssBANK4     00220
_dtoa                                          text22       014DC
_dtoa$922                                      cstackBANK0  0003B
_efgtoa                                        text5        00080
_efgtoa$946                                    cstackBANK1  000A4
_efgtoa$947                                    cstackBANK1  000A6
_efgtoa$951                                    cstackBANK1  000A8
_efgtoa$955                                    cstackBANK1  000AA
_efgtoa$956                                    cstackBANK1  000AC
_efgtoa$957                                    cstackBANK1  000AE
_eusartRxLastError                             bssBANK3     001B2
_flags                                         bssBANK3     001AE
_floorf                                        text9        01E14
_fputc                                         text26       019BB
_fputs                                         text25       01894
_isdigit                                       text33       02735
_isspace                                       text32       027BE
_isspace$1044                                  cstackCOMMON 00074
_isupper                                       text7        0274D
_main                                          maintext     013A5
_nout                                          bssBANK3     001A8
_pad                                           text23       01A11
_prec                                          bssBANK3     001AC
_putch                                         text27       00004
_putstr                                        text35       02706
_sprintf                                       text1        018BD
_strcpy                                        text8        027DF
_strlen                                        text24       0132C
_strncmp                                       text4        01A6A
_tolower                                       text6        0186F
_tolower$1108                                  cstackCOMMON 0007C
_vfpfcnvrt                                     text3        00C9A
_vfpfcnvrt$971                                 cstackBANK2  00128
_vfpfcnvrt$972                                 cstackBANK2  0012A
_vfpfcnvrt$977                                 cstackBANK2  0012C
_vfprintf                                      text2        018E9
_width                                         bssBANK3     001AA
abs@a                                          cstackCOMMON 00073
atoi@n                                         cstackBANK0  00027
atoi@neg                                       cstackBANK0  00020
atoi@s                                         cstackCOMMON 00076
btemp                                          (abs)        0007E
clear_ram0                                     clrtext      00005
dtoa@d                                         cstackBANK0  00030
dtoa@fp                                        cstackBANK0  0003D
dtoa@i                                         cstackBANK0  0004C
dtoa@n                                         cstackBANK0  00044
dtoa@p                                         cstackBANK0  0003E
dtoa@s                                         cstackBANK0  00042
dtoa@w                                         cstackBANK0  00040
efgtoa@c                                       cstackBANK0  0006F
efgtoa@d                                       cstackBANK1  000BC
efgtoa@e                                       cstackBANK1  000D5
efgtoa@f                                       cstackBANK0  0006B
efgtoa@fp                                      cstackBANK1  000C0
efgtoa@g                                       cstackBANK1  000D1
efgtoa@h                                       cstackBANK1  000C7
efgtoa@i                                       cstackBANK1  000CF
efgtoa@l                                       cstackBANK1  000CB
efgtoa@m                                       cstackBANK1  000B6
efgtoa@mode                                    cstackBANK1  000C6
efgtoa@n                                       cstackBANK1  000D7
efgtoa@ne                                      cstackBANK1  000B4
efgtoa@nmode                                   cstackBANK1  000C5
efgtoa@ou                                      cstackBANK1  000B8
efgtoa@p                                       cstackBANK1  000C1
efgtoa@pp                                      cstackBANK1  000B2
efgtoa@sign                                    cstackBANK1  000BE
efgtoa@t                                       cstackBANK1  000B0
efgtoa@u                                       cstackBANK1  000D9
efgtoa@w                                       cstackBANK1  000C3
end_of_initialization                          cinit        007FD
floorf@F527                                    bssBANK3     001A0
floorf@e                                       cstackBANK0  00065
floorf@m                                       cstackBANK0  00061
floorf@u                                       cstackBANK0  00067
floorf@x                                       cstackBANK0  00057
fputc@c                                        cstackCOMMON 00070
fputc@fp                                       cstackCOMMON 00072
fputs@c                                        cstackBANK0  00020
fputs@fp                                       cstackCOMMON 00078
fputs@i                                        cstackBANK0  00021
fputs@s                                        cstackBANK0  00023
intlevel0                                      functab      00000
intlevel1                                      functab      00000
intlevel2                                      functab      00000
intlevel3                                      functab      00000
intlevel4                                      functab      00000
intlevel5                                      functab      00000
isdigit@c                                      cstackCOMMON 00070
isspace@c                                      cstackCOMMON 00070
isupper@c                                      cstackCOMMON 00070
main@co2ppm                                    cstackBANK2  0015E
main@co2val                                    cstackBANK2  0015C
main@fco2v                                     cstackBANK2  00164
main@ftotal                                    cstackBANK2  0016A
main@i                                         cstackBANK2  00168
main@n                                         cstackBANK2  0016E
main@s                                         cstackBANK2  00148
main@total                                     cstackBANK2  00160
pad@buf                                        cstackBANK0  00024
pad@fp                                         cstackBANK0  0002B
pad@i                                          cstackBANK0  00027
pad@p                                          cstackBANK0  00025
pad@w                                          cstackBANK0  00029
putstr@p                                       cstackCOMMON 00071
reset_vec                                      reset_vec    00000
sprintf@ap                                     cstackBANK2  00142
sprintf@f                                      cstackBANK2  00143
sprintf@fmt                                    cstackBANK2  00137
sprintf@s                                      cstackBANK2  00141
start                                          init         00002
start_initialization                           cinit        007ED
strcpy@d                                       cstackCOMMON 00076
strcpy@dest                                    cstackCOMMON 00077
strcpy@s                                       cstackCOMMON 00074
strcpy@src                                     cstackCOMMON 00070
strlen@a                                       cstackCOMMON 00073
strlen@s                                       cstackCOMMON 00074
strncmp@_l                                     cstackCOMMON 00075
strncmp@_r                                     cstackCOMMON 00070
strncmp@l                                      cstackCOMMON 00078
strncmp@n                                      cstackCOMMON 00072
strncmp@r                                      cstackCOMMON 00076
tolower@c                                      cstackCOMMON 00076
vfpfcnvrt@ap                                   cstackBANK1  000DE
vfpfcnvrt@c                                    cstackBANK2  00135
vfpfcnvrt@ct                                   cstackBANK2  00132
vfpfcnvrt@f                                    cstackBANK2  0012E
vfpfcnvrt@fmt                                  cstackBANK1  000DD
vfpfcnvrt@fp                                   cstackBANK2  00136
vfpfcnvrt@ll                                   cstackBANK2  00120
vfprintf@ap                                    cstackBANK1  000E7
vfprintf@cfmt                                  cstackBANK1  000EB
vfprintf@fmt                                   cstackBANK1  000E5
vfprintf@fp                                    cstackBANK1  000EA
wtemp0                                         (abs)        0007E


FUNCTION INFORMATION:

 *************** function _main *****************
 Defined at:
		line 118 in file "main.c"
 Parameters:    Size  Location     Type
		None
 Auto vars:     Size  Location     Type
  i               2   72[BANK2 ] int 
  s              20   40[BANK2 ] unsigned char [20]
  ftotal          4   74[BANK2 ] float 
  fco2v           4   68[BANK2 ] float 
  total           4   64[BANK2 ] long 
  n               2   78[BANK2 ] int 
  co2ppm          2   62[BANK2 ] unsigned short 
  co2val          2   60[BANK2 ] unsigned short 
 Return value:  Size  Location     Type
                  1    wreg      void 
 Registers used:
		wreg, fsr0l, fsr0h, fsr1l, fsr1h, status,2, status,0, pclath, cstack
 Tracked objects:
		On entry : 
		On exit  : 
		Unchanged: 
 Data sizes:     COMMON   BANK0   BANK1   BANK2   BANK3   BANK4   BANK5   BANK6   BANK7   BANK8   BANK9  BANK10  BANK11  BANK12  BANK13  BANK14  BANK15  BANK16  BANK17  BANK18  BANK19  BANK20  BANK21  BANK22  BANK23  BANK24  BANK25
      Params:         0       0       0       0       0       0       0       0       0       0       0       0       0       0       0       0       0       0       0       0       0       0       0       0       0       0       0
      Locals:         0       0       0      40       0       0       0       0       0       0       0       0       0       0       0       0       0       0       0       0       0       0       0       0       0       0       0
      Temps:          0       0       2       0       0       0       0       0       0       0       0       0       0       0       0       0       0       0       0       0       0       0       0       0       0       0       0
      Totals:         0       0       2      40       0       0       0       0       0       0       0       0       0       0       0       0       0       0       0       0       0       0       0       0       0       0       0
Total ram usage:       42 bytes
 Hardware stack levels required when called:    8
 This function calls:
		_ADC_GetConversion
		_SYSTEM_Initialize
		___fldiv
		___flmul
		___flsub
		___fltol
		___xxtofl
		_putstr
		_sprintf
 This function is called by:
		Startup code after reset
 This function uses a non-reentrant model


 *************** function _sprintf *****************
 Defined at:
		line 9 in file "C:\Program Files\Microchip\xc8\v2.31\pic\sources\c99\common\nf_sprintf.c"
 Parameters:    Size  Location     Type
  s               1    wreg     PTR unsigned char 
		 -> main@s(20), 
  fmt             2   23[BANK2 ] PTR const unsigned char 
		 -> STR_2(12), 
 Auto vars:     Size  Location     Type
  s               1   33[BANK2 ] PTR unsigned char 
		 -> main@s(20), 
  f               5   35[BANK2 ] struct _IO_FILE
  ret             2    0        int 
  ap              1   34[BANK2 ] PTR void [1]
		 -> ?_sprintf(2), 
 Return value:  Size  Location     Type
                  2   23[BANK2 ] int 
 Registers used:
		wreg, fsr0l, fsr0h, fsr1l, fsr1h, status,2, status,0, pclath, cstack
 Tracked objects:
		On entry : 
		On exit  : 
		Unchanged: 
 Data sizes:     COMMON   BANK0   BANK1   BANK2   BANK3   BANK4   BANK5   BANK6   BANK7   BANK8   BANK9  BANK10  BANK11  BANK12  BANK13  BANK14  BANK15  BANK16  BANK17  BANK18  BANK19  BANK20  BANK21  BANK22  BANK23  BANK24  BANK25
      Params:         0       0       0       8       0       0       0       0       0       0       0       0       0       0       0       0       0       0       0       0       0       0       0       0       0       0       0
[...]
      Params:         0       0       0       0       0       0       0       0       0       0       0       0       0       0       0       0       0       0       0       0       0       0       0       0       0       0       0
      Locals:         0       0       0       0       0       0       0       0       0       0       0       0       0       0       0       0       0       0       0       0       0       0       0       0       0       0       0
      Temps:          0       0       0       0       0       0       0       0       0       0       0       0       0       0       0       0       0       0       0       0       0       0       0       0       0       0       0
      Totals:         0       0       0       0       0       0       0       0       0       0       0       0       0       0       0       0       0       0       0       0       0       0       0       0       0       0       0
Total ram usage:        0 bytes
 Hardware stack levels used:    1
 This function calls:
		Nothing
 This function is called by:
		_SYSTEM_Initialize
 This function uses a non-reentrant model


 *************** function _EUSART_Initialize *****************
 Defined at:
		line 66 in file "mcc_generated_files/eusart.c"
 Parameters:    Size  Location     Type
		None
 Auto vars:     Size  Location     Type
		None
 Return value:  Size  Location     Type
                  1    wreg      void 
 Registers used:
		wreg, status,2, status,0, pclath, cstack
 Tracked objects:
		On entry : 
		On exit  : 
		Unchanged: 
 Data sizes:     COMMON   BANK0   BANK1   BANK2   BANK3   BANK4   BANK5   BANK6   BANK7   BANK8   BANK9  BANK10  BANK11  BANK12  BANK13  BANK14  BANK15  BANK16  BANK17  BANK18  BANK19  BANK20  BANK21  BANK22  BANK23  BANK24  BANK25
      Params:         0       0       0       0       0       0       0       0       0       0       0       0       0       0       0       0       0       0       0       0       0       0       0       0       0       0       0
      Locals:         0       0       0       0       0       0       0       0       0       0       0       0       0       0       0       0       0       0       0       0       0       0       0       0       0       0       0
      Temps:          0       0       0       0       0       0       0       0       0       0       0       0       0       0       0       0       0       0       0       0       0       0       0       0       0       0       0
      Totals:         0       0       0       0       0       0       0       0       0       0       0       0       0       0       0       0       0       0       0       0       0       0       0       0       0       0       0
Total ram usage:        0 bytes
 Hardware stack levels used:    1
 Hardware stack levels required when called:    1
 This function calls:
		_EUSART_SetErrorHandler
		_EUSART_SetFramingErrorHandler
		_EUSART_SetOverrunErrorHandler
 This function is called by:
		_SYSTEM_Initialize
 This function uses a non-reentrant model


 *************** function _EUSART_SetOverrunErrorHandler *****************
 Defined at:
		line 161 in file "mcc_generated_files/eusart.c"
 Parameters:    Size  Location     Type
  interruptHan    2    0[COMMON] PTR FTN()void 
		 -> EUSART_DefaultOverrunErrorHandler(1), 
 Auto vars:     Size  Location     Type
		None
 Return value:  Size  Location     Type
                  1    wreg      void 
 Registers used:
		wreg
 Tracked objects:
		On entry : 
		On exit  : 
		Unchanged: 
 Data sizes:     COMMON   BANK0   BANK1   BANK2   BANK3   BANK4   BANK5   BANK6   BANK7   BANK8   BANK9  BANK10  BANK11  BANK12  BANK13  BANK14  BANK15  BANK16  BANK17  BANK18  BANK19  BANK20  BANK21  BANK22  BANK23  BANK24  BANK25
      Params:         2       0       0       0       0       0       0       0       0       0       0       0       0       0       0       0       0       0       0       0       0       0       0       0       0       0       0
      Locals:         0       0       0       0       0       0       0       0       0       0       0       0       0       0       0       0       0       0       0       0       0       0       0       0       0       0       0
      Temps:          0       0       0       0       0       0       0       0       0       0       0       0       0       0       0       0       0       0       0       0       0       0       0       0       0       0       0
      Totals:         2       0       0       0       0       0       0       0       0       0       0       0       0       0       0       0       0       0       0       0       0       0       0       0       0       0       0
Total ram usage:        2 bytes
 Hardware stack levels used:    1
 This function calls:
		Nothing
 This function is called by:
		_EUSART_Initialize
 This function uses a non-reentrant model


 *************** function _EUSART_SetFramingErrorHandler *****************
 Defined at:
		line 157 in file "mcc_generated_files/eusart.c"
 Parameters:    Size  Location     Type
  interruptHan    2    0[COMMON] PTR FTN()void 
		 -> EUSART_DefaultFramingErrorHandler(1), 
 Auto vars:     Size  Location     Type
		None
 Return value:  Size  Location     Type
                  1    wreg      void 
 Registers used:
		wreg
 Tracked objects:
		On entry : 
		On exit  : 
		Unchanged: 
 Data sizes:     COMMON   BANK0   BANK1   BANK2   BANK3   BANK4   BANK5   BANK6   BANK7   BANK8   BANK9  BANK10  BANK11  BANK12  BANK13  BANK14  BANK15  BANK16  BANK17  BANK18  BANK19  BANK20  BANK21  BANK22  BANK23  BANK24  BANK25
      Params:         2       0       0       0       0       0       0       0       0       0       0       0       0       0       0       0       0       0       0       0       0       0       0       0       0       0       0
      Locals:         0       0       0       0       0       0       0       0       0       0       0       0       0       0       0       0       0       0       0       0       0       0       0       0       0       0       0
      Temps:          0       0       0       0       0       0       0       0       0       0       0       0       0       0       0       0       0       0       0       0       0       0       0       0       0       0       0
      Totals:         2       0       0       0       0       0       0       0       0       0       0       0       0       0       0       0       0       0       0       0       0       0       0       0       0       0       0
Total ram usage:        2 bytes
 Hardware stack levels used:    1
 This function calls:
		Nothing
 This function is called by:
		_EUSART_Initialize
 This function uses a non-reentrant model


 *************** function _EUSART_SetErrorHandler *****************
 Defined at:
		line 165 in file "mcc_generated_files/eusart.c"
 Parameters:    Size  Location     Type
  interruptHan    2    0[COMMON] PTR FTN()void 
		 -> EUSART_DefaultErrorHandler(1), 
 Auto vars:     Size  Location     Type
		None
 Return value:  Size  Location     Type
                  1    wreg      void 
 Registers used:
		wreg
 Tracked objects:
		On entry : 
		On exit  : 
		Unchanged: 
 Data sizes:     COMMON   BANK0   BANK1   BANK2   BANK3   BANK4   BANK5   BANK6   BANK7   BANK8   BANK9  BANK10  BANK11  BANK12  BANK13  BANK14  BANK15  BANK16  BANK17  BANK18  BANK19  BANK20  BANK21  BANK22  BANK23  BANK24  BANK25
      Params:         2       0       0       0       0       0       0       0       0       0       0       0       0       0       0       0       0       0       0       0       0       0       0       0       0       0       0
      Locals:         0       0       0       0       0       0       0       0       0       0       0       0       0       0       0       0       0       0       0       0       0       0       0       0       0       0       0
      Temps:          0       0       0       0       0       0       0       0       0       0       0       0       0       0       0       0       0       0       0       0       0       0       0       0       0       0       0
      Totals:         2       0       0       0       0       0       0       0       0       0       0       0       0       0       0       0       0       0       0       0       0       0       0       0       0       0       0
Total ram usage:        2 bytes
 Hardware stack levels used:    1
 This function calls:
		Nothing
 This function is called by:
		_EUSART_Initialize
 This function uses a non-reentrant model


 *************** function _ADC_Initialize *****************
 Defined at:
		line 67 in file "mcc_generated_files/adc.c"
 Parameters:    Size  Location     Type
		None
 Auto vars:     Size  Location     Type
		None
 Return value:  Size  Location     Type
                  1    wreg      void 
 Registers used:
		wreg, status,2
 Tracked objects:
		On entry : 
		On exit  : 
		Unchanged: 
 Data sizes:     COMMON   BANK0   BANK1   BANK2   BANK3   BANK4   BANK5   BANK6   BANK7   BANK8   BANK9  BANK10  BANK11  BANK12  BANK13  BANK14  BANK15  BANK16  BANK17  BANK18  BANK19  BANK20  BANK21  BANK22  BANK23  BANK24  BANK25
      Params:         0       0       0       0       0       0       0       0       0       0       0       0       0       0       0       0       0       0       0       0       0       0       0       0       0       0       0
      Locals:         0       0       0       0       0       0       0       0       0       0       0       0       0       0       0       0       0       0       0       0       0       0       0       0       0       0       0
      Temps:          0       0       0       0       0       0       0       0       0       0       0       0       0       0       0       0       0       0       0       0       0       0       0       0       0       0       0
      Totals:         0       0       0       0       0       0       0       0       0       0       0       0       0       0       0       0       0       0       0       0       0       0       0       0       0       0       0
Total ram usage:        0 bytes
 Hardware stack levels used:    1
 This function calls:
		Nothing
 This function is called by:
		_SYSTEM_Initialize
 This function uses a non-reentrant model


 *************** function _ADC_GetConversion *****************
 Defined at:
		line 115 in file "mcc_generated_files/adc.c"
 Parameters:    Size  Location     Type
  channel         1    wreg     enum E6327
 Auto vars:     Size  Location     Type
  channel         1    3[COMMON] enum E6327
 Return value:  Size  Location     Type
                  2    0[COMMON] unsigned short 
 Registers used:
		wreg, status,2, status,0
 Tracked objects:
		On entry : 
		On exit  : 
		Unchanged: 
 Data sizes:     COMMON   BANK0   BANK1   BANK2   BANK3   BANK4   BANK5   BANK6   BANK7   BANK8   BANK9  BANK10  BANK11  BANK12  BANK13  BANK14  BANK15  BANK16  BANK17  BANK18  BANK19  BANK20  BANK21  BANK22  BANK23  BANK24  BANK25
      Params:         2       0       0       0       0       0       0       0       0       0       0       0       0       0       0       0       0       0       0       0       0       0       0       0       0       0       0
      Locals:         1       0       0       0       0       0       0       0       0       0       0       0       0       0       0       0       0       0       0       0       0       0       0       0       0       0       0
      Temps:          1       0       0       0       0       0       0       0       0       0       0       0       0       0       0       0       0       0       0       0       0       0       0       0       0       0       0
      Totals:         4       0       0       0       0       0       0       0       0       0       0       0       0       0       0       0       0       0       0       0       0       0       0       0       0       0       0
Total ram usage:        4 bytes
 Hardware stack levels used:    1
 This function calls:
		Nothing
 This function is called by:
		_main
 This function uses a non-reentrant model



MODULE INFORMATION

Module		Function		Class		Link	Load	Size
C:\Program Files\Microchip\xc8\v2.31\pic\sources\c99\common\isdigit.c
		_isdigit       		CODE           	2735	0000	24

C:\Program Files\Microchip\xc8\v2.31\pic\sources\c99\common\isdigit.c estimated size: 24

C:\Program Files\Microchip\xc8\v2.31\pic\sources\c99\common\sprcadd.c
		___flsub       		CODE           	279E	0000	32
		___fladd       		CODE           	0804	0000	575

C:\Program Files\Microchip\xc8\v2.31\pic\sources\c99\common\sprcadd.c estimated size: 607

C:\Program Files\Microchip\xc8\v2.31\pic\sources\c99\common\flneg.c
		___flneg       		CODE           	26E8	0000	11

C:\Program Files\Microchip\xc8\v2.31\pic\sources\c99\common\flneg.c estimated size: 11

C:\Program Files\Microchip\xc8\v2.31\pic\sources\c99\common\putch.c
		_putch         		CODE           	0004	0000	1

C:\Program Files\Microchip\xc8\v2.31\pic\sources\c99\common\putch.c estimated size: 1

C:\Program Files\Microchip\xc8\v2.31\pic\sources\c99\common\nf_fputs.c
		_fputs         		CODE           	1894	0000	41

C:\Program Files\Microchip\xc8\v2.31\pic\sources\c99\common\nf_fputs.c estimated size: 41

C:\Program Files\Microchip\xc8\v2.31\pic\sources\c99\common\xxtofl.c
		___xxtofl      		CODE           	1BCF	0000	172

C:\Program Files\Microchip\xc8\v2.31\pic\sources\c99\common\xxtofl.c estimated size: 172

C:\Program Files\Microchip\xc8\v2.31\pic\sources\c99\common\aomod.c
		___aomod       		CODE           	1D2A	0000	234

C:\Program Files\Microchip\xc8\v2.31\pic\sources\c99\common\aomod.c estimated size: 234

C:\Program Files\Microchip\xc8\v2.31\pic\sources\c99\common\atoi.c
		_atoi          		CODE           	1C7B	0000	175

C:\Program Files\Microchip\xc8\v2.31\pic\sources\c99\common\atoi.c estimated size: 175

C:\Program Files\Microchip\xc8\v2.31\pic\sources\c99\common\fleq.c
		___fleq        		CODE           	191A	0000	78

C:\Program Files\Microchip\xc8\v2.31\pic\sources\c99\common\fleq.c estimated size: 78

C:\Program Files\Microchip\xc8\v2.31\pic\sources\c99\common\abs.c
		_abs           		CODE           	2765	0000	26

C:\Program Files\Microchip\xc8\v2.31\pic\sources\c99\common\abs.c estimated size: 26

C:\Program Files\Microchip\xc8\v2.31\pic\sources\c99\common\strlen.c
		_strlen        		CODE           	132C	0000	26

C:\Program Files\Microchip\xc8\v2.31\pic\sources\c99\common\strlen.c estimated size: 26

C:\Program Files\Microchip\xc8\v2.31\pic\sources\c99\common\floorf.c
		_floorf        		CODE           	1E14	0000	235

C:\Program Files\Microchip\xc8\v2.31\pic\sources\c99\common\floorf.c estimated size: 235

mcc_generated_files/pin_manager.c
		_PIN_MANAGER_Initialize		CODE           	184B	0000	36

mcc_generated_files/pin_manager.c estimated size: 36

C:\Program Files\Microchip\xc8\v2.31\pic\sources\c99\common\strcpy.c
		_strcpy        		CODE           	27DF	0000	33

C:\Program Files\Microchip\xc8\v2.31\pic\sources\c99\common\strcpy.c estimated size: 33

C:\Program Files\Microchip\xc8\v2.31\pic\sources\c99\common\awmod.c
		___awmod       		CODE           	1968	0000	83

C:\Program Files\Microchip\xc8\v2.31\pic\sources\c99\common\awmod.c estimated size: 83

mcc_generated_files/adc.c
		_ADC_Initialize		CODE           	26CC	0000	9
		_ADC_GetConversion		CODE           	271D	0000	24

mcc_generated_files/adc.c estimated size: 33

C:\Program Files\Microchip\xc8\v2.31\pic\sources\c99\common\Umul8_16.c
		__Umul8_16     		CODE           	1828	0000	35

C:\Program Files\Microchip\xc8\v2.31\pic\sources\c99\common\Umul8_16.c estimated size: 35

C:\Program Files\Microchip\xc8\v2.31\pic\sources\c99\common\isupper.c
		_isupper       		CODE           	274D	0000	24

C:\Program Files\Microchip\xc8\v2.31\pic\sources\c99\common\isupper.c estimated size: 24

C:\Program Files\Microchip\xc8\v2.31\pic\sources\c99\common\aodiv.c
		___aodiv       		CODE           	1EFF	0000	257

C:\Program Files\Microchip\xc8\v2.31\pic\sources\c99\common\aodiv.c estimated size: 257

C:\Program Files\Microchip\xc8\v2.31\pic\sources\c99\common\nf_fputc.c
		_fputc         		CODE           	19BB	0000	86

C:\Program Files\Microchip\xc8\v2.31\pic\sources\c99\common\nf_fputc.c estimated size: 86

shared
		__initialization		CODE           	07ED	0000	16
		_co2_table     		STRCODE        	1000	0000	808

shared estimated size: 824

mcc_generated_files/mcc.c
		_WDT_Initialize		CODE           	0800	0000	4
		_PMD_Initialize		CODE           	26C4	0000	8
		_OSCILLATOR_Initialize		CODE           	26D5	0000	9
		_SYSTEM_Initialize		CODE           	26F3	0000	19

mcc_generated_files/mcc.c estimated size: 40

C:\Program Files\Microchip\xc8\v2.31\pic\sources\c99\common\tolower.c
		_tolower       		CODE           	186F	0000	37

C:\Program Files\Microchip\xc8\v2.31\pic\sources\c99\common\tolower.c estimated size: 37

C:\Program Files\Microchip\xc8\v2.31\pic\sources\c99\common\sprcmul.c
		___flmul       		CODE           	0A43	0000	599

C:\Program Files\Microchip\xc8\v2.31\pic\sources\c99\common\sprcmul.c estimated size: 599

C:\Program Files\Microchip\xc8\v2.31\pic\sources\c99\common\awdiv.c
		___awdiv       		CODE           	1346	0000	95

C:\Program Files\Microchip\xc8\v2.31\pic\sources\c99\common\awdiv.c estimated size: 95

C:\Program Files\Microchip\xc8\v2.31\pic\sources\c99\common\doprnt.c
		_vfpfcnvrt     		CODE           	0C9A	0000	870
		_efgtoa        		CODE           	0080	0000	1901
		_pad           		CODE           	1A11	0000	89
		_dtoa          		CODE           	14DC	0000	368
		_vfprintf      		CODE           	18E9	0000	49

C:\Program Files\Microchip\xc8\v2.31\pic\sources\c99\common\doprnt.c estimated size: 3277

C:\Program Files\Microchip\xc8\v2.31\pic\sources\c99\common\sprcdiv.c
		___fldiv       		CODE           	164C	0000	436

C:\Program Files\Microchip\xc8\v2.31\pic\sources\c99\common\sprcdiv.c estimated size: 436

C:\Program Files\Microchip\xc8\v2.31\pic\sources\c99\common\fltol.c
		___fltol       		CODE           	000B	0000	117

C:\Program Files\Microchip\xc8\v2.31\pic\sources\c99\common\fltol.c estimated size: 117

C:\Program Files\Microchip\xc8\v2.31\pic\sources\c99\common\nf_sprintf.c
		_sprintf       		CODE           	18BD	0000	44

C:\Program Files\Microchip\xc8\v2.31\pic\sources\c99\common\nf_sprintf.c estimated size: 44

C:\Program Files\Microchip\xc8\v2.31\pic\sources\c99\common\__fpclassifyf.c
		___fpclassifyf 		CODE           	1AC5	0000	127

C:\Program Files\Microchip\xc8\v2.31\pic\sources\c99\common\__fpclassifyf.c estimated size: 127

C:\Program Files\Microchip\xc8\v2.31\pic\sources\c99\common\flge.c
		___flge        		CODE           	1B44	0000	139

C:\Program Files\Microchip\xc8\v2.31\pic\sources\c99\common\flge.c estimated size: 139

C:\Program Files\Microchip\xc8\v2.31\pic\sources\c99\common\isspace.c
		_isspace       		CODE           	27BE	0000	33

C:\Program Files\Microchip\xc8\v2.31\pic\sources\c99\common\isspace.c estimated size: 33

C:\Program Files\Microchip\xc8\v2.31\pic\sources\c99\common\Umul16.c
		___wmul        		CODE           	277F	0000	31

C:\Program Files\Microchip\xc8\v2.31\pic\sources\c99\common\Umul16.c estimated size: 31

mcc_generated_files/eusart.c
		_EUSART_Write  		CODE           	26DE	0000	10
		_EUSART_Initialize		CODE           	1806	0000	34
		_EUSART_SetFramingErrorHandler		CODE           	26BE	0000	6
		_EUSART_SetErrorHandler		CODE           	26B8	0000	6
		_EUSART_SetOverrunErrorHandler		CODE           	1800	0000	6

mcc_generated_files/eusart.c estimated size: 62

main.c
		_main          		CODE           	13A5	0000	311
		_putstr        		CODE           	2706	0000	23

main.c estimated size: 334

C:\Program Files\Microchip\xc8\v2.31\pic\sources\c99\common\strncmp.c
		_strncmp       		CODE           	1A6A	0000	91

C:\Program Files\Microchip\xc8\v2.31\pic\sources\c99\common\strncmp.c estimated size: 91

